Component: ARM Compiler 5.05 update 1 (build 106) Tool: armlink [4d0efa]

==============================================================================

Section Cross References

    stm32f1xx_hal_flash_ex.o(i.FLASH_MassErase) refers to stm32f1xx_hal_flash.o(.bss) for pFlash
    stm32f1xx_hal_flash_ex.o(i.FLASH_OB_DisableWRP) refers to stm32f1xx_hal_flash_ex.o(i.FLASH_OB_GetWRP) for FLASH_OB_GetWRP
    stm32f1xx_hal_flash_ex.o(i.FLASH_OB_DisableWRP) refers to stm32f1xx_hal_flash.o(i.FLASH_WaitForLastOperation) for FLASH_WaitForLastOperation
    stm32f1xx_hal_flash_ex.o(i.FLASH_OB_DisableWRP) refers to stm32f1xx_hal_flash_ex.o(i.HAL_FLASHEx_OBErase) for HAL_FLASHEx_OBErase
    stm32f1xx_hal_flash_ex.o(i.FLASH_OB_DisableWRP) refers to stm32f1xx_hal_flash.o(.bss) for pFlash
    stm32f1xx_hal_flash_ex.o(i.FLASH_OB_EnableWRP) refers to stm32f1xx_hal_flash_ex.o(i.FLASH_OB_GetWRP) for FLASH_OB_GetWRP
    stm32f1xx_hal_flash_ex.o(i.FLASH_OB_EnableWRP) refers to stm32f1xx_hal_flash.o(i.FLASH_WaitForLastOperation) for FLASH_WaitForLastOperation
    stm32f1xx_hal_flash_ex.o(i.FLASH_OB_EnableWRP) refers to stm32f1xx_hal_flash_ex.o(i.HAL_FLASHEx_OBErase) for HAL_FLASHEx_OBErase
    stm32f1xx_hal_flash_ex.o(i.FLASH_OB_EnableWRP) refers to stm32f1xx_hal_flash.o(.bss) for pFlash
    stm32f1xx_hal_flash_ex.o(i.FLASH_OB_ProgramData) refers to stm32f1xx_hal_flash.o(i.FLASH_WaitForLastOperation) for FLASH_WaitForLastOperation
    stm32f1xx_hal_flash_ex.o(i.FLASH_OB_ProgramData) refers to stm32f1xx_hal_flash.o(.bss) for pFlash
    stm32f1xx_hal_flash_ex.o(i.FLASH_OB_RDP_LevelConfig) refers to stm32f1xx_hal_flash.o(i.FLASH_WaitForLastOperation) for FLASH_WaitForLastOperation
    stm32f1xx_hal_flash_ex.o(i.FLASH_OB_RDP_LevelConfig) refers to stm32f1xx_hal_flash.o(.bss) for pFlash
    stm32f1xx_hal_flash_ex.o(i.FLASH_OB_UserConfig) refers to stm32f1xx_hal_flash.o(i.FLASH_WaitForLastOperation) for FLASH_WaitForLastOperation
    stm32f1xx_hal_flash_ex.o(i.FLASH_OB_UserConfig) refers to stm32f1xx_hal_flash.o(.bss) for pFlash
    stm32f1xx_hal_flash_ex.o(i.FLASH_PageErase) refers to stm32f1xx_hal_flash.o(.bss) for pFlash
    stm32f1xx_hal_flash_ex.o(i.HAL_FLASHEx_Erase) refers to stm32f1xx_hal_flash.o(i.FLASH_WaitForLastOperation) for FLASH_WaitForLastOperation
    stm32f1xx_hal_flash_ex.o(i.HAL_FLASHEx_Erase) refers to stm32f1xx_hal_flash_ex.o(i.FLASH_MassErase) for FLASH_MassErase
    stm32f1xx_hal_flash_ex.o(i.HAL_FLASHEx_Erase) refers to stm32f1xx_hal_flash_ex.o(i.FLASH_PageErase) for FLASH_PageErase
    stm32f1xx_hal_flash_ex.o(i.HAL_FLASHEx_Erase) refers to stm32f1xx_hal_flash.o(.bss) for pFlash
    stm32f1xx_hal_flash_ex.o(i.HAL_FLASHEx_Erase_IT) refers to stm32f1xx_hal_flash_ex.o(i.FLASH_MassErase) for FLASH_MassErase
    stm32f1xx_hal_flash_ex.o(i.HAL_FLASHEx_Erase_IT) refers to stm32f1xx_hal_flash_ex.o(i.FLASH_PageErase) for FLASH_PageErase
    stm32f1xx_hal_flash_ex.o(i.HAL_FLASHEx_Erase_IT) refers to stm32f1xx_hal_flash.o(.bss) for pFlash
    stm32f1xx_hal_flash_ex.o(i.HAL_FLASHEx_OBErase) refers to stm32f1xx_hal_flash_ex.o(i.FLASH_OB_GetRDP) for FLASH_OB_GetRDP
    stm32f1xx_hal_flash_ex.o(i.HAL_FLASHEx_OBErase) refers to stm32f1xx_hal_flash.o(i.FLASH_WaitForLastOperation) for FLASH_WaitForLastOperation
    stm32f1xx_hal_flash_ex.o(i.HAL_FLASHEx_OBErase) refers to stm32f1xx_hal_flash_ex.o(i.FLASH_OB_RDP_LevelConfig) for FLASH_OB_RDP_LevelConfig
    stm32f1xx_hal_flash_ex.o(i.HAL_FLASHEx_OBErase) refers to stm32f1xx_hal_flash.o(.bss) for pFlash
    stm32f1xx_hal_flash_ex.o(i.HAL_FLASHEx_OBGetConfig) refers to stm32f1xx_hal_flash_ex.o(i.FLASH_OB_GetWRP) for FLASH_OB_GetWRP
    stm32f1xx_hal_flash_ex.o(i.HAL_FLASHEx_OBGetConfig) refers to stm32f1xx_hal_flash_ex.o(i.FLASH_OB_GetRDP) for FLASH_OB_GetRDP
    stm32f1xx_hal_flash_ex.o(i.HAL_FLASHEx_OBGetConfig) refers to stm32f1xx_hal_flash_ex.o(i.FLASH_OB_GetUser) for FLASH_OB_GetUser
    stm32f1xx_hal_flash_ex.o(i.HAL_FLASHEx_OBProgram) refers to stm32f1xx_hal_flash_ex.o(i.FLASH_OB_EnableWRP) for FLASH_OB_EnableWRP
    stm32f1xx_hal_flash_ex.o(i.HAL_FLASHEx_OBProgram) refers to stm32f1xx_hal_flash_ex.o(i.FLASH_OB_DisableWRP) for FLASH_OB_DisableWRP
    stm32f1xx_hal_flash_ex.o(i.HAL_FLASHEx_OBProgram) refers to stm32f1xx_hal_flash_ex.o(i.FLASH_OB_RDP_LevelConfig) for FLASH_OB_RDP_LevelConfig
    stm32f1xx_hal_flash_ex.o(i.HAL_FLASHEx_OBProgram) refers to stm32f1xx_hal_flash_ex.o(i.FLASH_OB_UserConfig) for FLASH_OB_UserConfig
    stm32f1xx_hal_flash_ex.o(i.HAL_FLASHEx_OBProgram) refers to stm32f1xx_hal_flash_ex.o(i.FLASH_OB_ProgramData) for FLASH_OB_ProgramData
    stm32f1xx_hal_flash_ex.o(i.HAL_FLASHEx_OBProgram) refers to stm32f1xx_hal_flash.o(.bss) for pFlash
    stm32f1xx_hal_dma.o(i.HAL_DMA_Abort) refers to stm32f1xx_hal.o(i.HAL_GetTick) for HAL_GetTick
    stm32f1xx_hal_dma.o(i.HAL_DMA_PollForTransfer) refers to stm32f1xx_hal.o(i.HAL_GetTick) for HAL_GetTick
    stm32f1xx_hal_dma.o(i.HAL_DMA_Start) refers to stm32f1xx_hal_dma.o(i.DMA_SetConfig) for DMA_SetConfig
[...]
    Removing stm32f1xx_hal_adc_ex.o(i.HAL_ADCEx_MultiModeStart_DMA), (280 bytes).
    Removing stm32f1xx_hal_adc_ex.o(i.HAL_ADCEx_MultiModeStop_DMA), (180 bytes).
    Removing stm32f1xx_hal_spi.o(.rev16_text), (4 bytes).
    Removing stm32f1xx_hal_spi.o(.revsh_text), (4 bytes).
    Removing stm32f1xx_hal_spi.o(.rrx_text), (6 bytes).
    Removing stm32f1xx_hal_spi.o(i.HAL_SPI_DMAPause), (62 bytes).
    Removing stm32f1xx_hal_spi.o(i.HAL_SPI_DMAResume), (62 bytes).
    Removing stm32f1xx_hal_spi.o(i.HAL_SPI_DMAStop), (58 bytes).
    Removing stm32f1xx_hal_spi.o(i.HAL_SPI_DeInit), (54 bytes).
    Removing stm32f1xx_hal_spi.o(i.HAL_SPI_ErrorCallback), (2 bytes).
    Removing stm32f1xx_hal_spi.o(i.HAL_SPI_GetError), (6 bytes).
    Removing stm32f1xx_hal_spi.o(i.HAL_SPI_GetState), (8 bytes).
    Removing stm32f1xx_hal_spi.o(i.HAL_SPI_IRQHandler), (228 bytes).
    Removing stm32f1xx_hal_spi.o(i.HAL_SPI_Init), (124 bytes).
    Removing stm32f1xx_hal_spi.o(i.HAL_SPI_MspDeInit), (2 bytes).
    Removing stm32f1xx_hal_spi.o(i.HAL_SPI_MspInit), (2 bytes).
    Removing stm32f1xx_hal_spi.o(i.HAL_SPI_Receive), (588 bytes).
    Removing stm32f1xx_hal_spi.o(i.HAL_SPI_Receive_DMA), (272 bytes).
    Removing stm32f1xx_hal_spi.o(i.HAL_SPI_Receive_IT), (228 bytes).
    Removing stm32f1xx_hal_spi.o(i.HAL_SPI_RxCpltCallback), (2 bytes).
    Removing stm32f1xx_hal_spi.o(i.HAL_SPI_RxHalfCpltCallback), (2 bytes).
    Removing stm32f1xx_hal_spi.o(i.HAL_SPI_Transmit), (448 bytes).
    Removing stm32f1xx_hal_spi.o(i.HAL_SPI_TransmitReceive_DMA), (332 bytes).
    Removing stm32f1xx_hal_spi.o(i.HAL_SPI_TransmitReceive_IT), (204 bytes).
    Removing stm32f1xx_hal_spi.o(i.HAL_SPI_Transmit_DMA), (232 bytes).
    Removing stm32f1xx_hal_spi.o(i.HAL_SPI_Transmit_IT), (204 bytes).
    Removing stm32f1xx_hal_spi.o(i.HAL_SPI_TxCpltCallback), (2 bytes).
    Removing stm32f1xx_hal_spi.o(i.HAL_SPI_TxHalfCpltCallback), (2 bytes).
    Removing stm32f1xx_hal_spi.o(i.HAL_SPI_TxRxCpltCallback), (2 bytes).
    Removing stm32f1xx_hal_spi.o(i.HAL_SPI_TxRxHalfCpltCallback), (2 bytes).
    Removing stm32f1xx_hal_spi.o(i.SPI_2LinesRxISR), (56 bytes).
    Removing stm32f1xx_hal_spi.o(i.SPI_DMAError), (34 bytes).
    Removing stm32f1xx_hal_spi.o(i.SPI_DMAHalfReceiveCplt), (14 bytes).
    Removing stm32f1xx_hal_spi.o(i.SPI_DMAHalfTransmitCplt), (14 bytes).
    Removing stm32f1xx_hal_spi.o(i.SPI_DMAHalfTransmitReceiveCplt), (14 bytes).
    Removing stm32f1xx_hal_spi.o(i.SPI_DMAReceiveCplt), (248 bytes).
    Removing stm32f1xx_hal_spi.o(i.SPI_DMATransmitCplt), (124 bytes).
    Removing stm32f1xx_hal_spi.o(i.SPI_DMATransmitReceiveCplt), (212 bytes).
    Removing stm32f1xx_hal_spi.o(i.SPI_ISCRCErrorValid), (6 bytes).
    Removing stm32f1xx_hal_spi.o(i.SPI_RxCloseIRQHandler), (268 bytes).
    Removing stm32f1xx_hal_spi.o(i.SPI_RxISR), (82 bytes).
    Removing stm32f1xx_hal_spi.o(i.SPI_TxCloseIRQHandler), (158 bytes).
    Removing stm32f1xx_hal_spi.o(i.SPI_TxISR), (74 bytes).
    Removing stm32f1xx_hal_uart.o(.rev16_text), (4 bytes).
    Removing stm32f1xx_hal_uart.o(.revsh_text), (4 bytes).
    Removing stm32f1xx_hal_uart.o(.rrx_text), (6 bytes).
    Removing stm32f1xx_hal_uart.o(i.HAL_HalfDuplex_EnableReceiver), (64 bytes).
    Removing stm32f1xx_hal_uart.o(i.HAL_HalfDuplex_EnableTransmitter), (66 bytes).
    Removing stm32f1xx_hal_uart.o(i.HAL_HalfDuplex_Init), (114 bytes).
    Removing stm32f1xx_hal_uart.o(i.HAL_LIN_Init), (130 bytes).
    Removing stm32f1xx_hal_uart.o(i.HAL_LIN_SendBreak), (62 bytes).
    Removing stm32f1xx_hal_uart.o(i.HAL_MultiProcessor_EnterMuteMode), (62 bytes).
    Removing stm32f1xx_hal_uart.o(i.HAL_MultiProcessor_ExitMuteMode), (62 bytes).
    Removing stm32f1xx_hal_uart.o(i.HAL_MultiProcessor_Init), (134 bytes).
    Removing stm32f1xx_hal_uart.o(i.HAL_UART_DMAPause), (118 bytes).
    Removing stm32f1xx_hal_uart.o(i.HAL_UART_DMAResume), (156 bytes).
    Removing stm32f1xx_hal_uart.o(i.HAL_UART_DMAStop), (46 bytes).
    Removing stm32f1xx_hal_uart.o(i.HAL_UART_DeInit), (68 bytes).
    Removing stm32f1xx_hal_uart.o(i.HAL_UART_GetError), (6 bytes).
    Removing stm32f1xx_hal_uart.o(i.HAL_UART_GetState), (8 bytes).
    Removing stm32f1xx_hal_uart.o(i.HAL_UART_MspDeInit), (2 bytes).
    Removing stm32f1xx_hal_uart.o(i.HAL_UART_MspInit), (2 bytes).
    Removing stm32f1xx_hal_uart.o(i.HAL_UART_Receive), (248 bytes).
    Removing stm32f1xx_hal_uart.o(i.HAL_UART_Receive_DMA), (160 bytes).
    Removing stm32f1xx_hal_uart.o(i.HAL_UART_Receive_IT), (134 bytes).
    Removing stm32f1xx_hal_uart.o(i.HAL_UART_RxCpltCallback), (2 bytes).
    Removing stm32f1xx_hal_uart.o(i.HAL_UART_RxHalfCpltCallback), (2 bytes).
    Removing stm32f1xx_hal_uart.o(i.HAL_UART_Transmit), (240 bytes).
    Removing stm32f1xx_hal_uart.o(i.HAL_UART_Transmit_DMA), (168 bytes).
    Removing stm32f1xx_hal_uart.o(i.HAL_UART_Transmit_IT), (110 bytes).
    Removing stm32f1xx_hal_uart.o(i.HAL_UART_TxHalfCpltCallback), (2 bytes).
    Removing stm32f1xx_hal_uart.o(i.UART_DMAError), (34 bytes).
    Removing stm32f1xx_hal_uart.o(i.UART_DMAReceiveCplt), (62 bytes).
    Removing stm32f1xx_hal_uart.o(i.UART_DMARxHalfCplt), (14 bytes).
    Removing stm32f1xx_hal_uart.o(i.UART_DMATransmitCplt), (54 bytes).
    Removing stm32f1xx_hal_uart.o(i.UART_DMATxHalfCplt), (14 bytes).
    Removing stm32f1xx_hal_uart.o(i.UART_WaitOnFlagUntilTimeout), (250 bytes).
    Removing main.o(.rev16_text), (4 bytes).
    Removing main.o(.revsh_text), (4 bytes).
    Removing main.o(.rrx_text), (6 bytes).
    Removing stm32f1xx_it.o(.rev16_text), (4 bytes).
    Removing stm32f1xx_it.o(.revsh_text), (4 bytes).
    Removing stm32f1xx_it.o(.rrx_text), (6 bytes).
    Removing stm32f1xx_hal_msp.o(.rev16_text), (4 bytes).
    Removing stm32f1xx_hal_msp.o(.revsh_text), (4 bytes).
    Removing stm32f1xx_hal_msp.o(.rrx_text), (6 bytes).
    Removing stm32f1xx_hal_msp.o(i.HAL_ADC_MspDeInit), (48 bytes).
    Removing stm32f1xx_hal_msp.o(i.HAL_SPI_MspDeInit), (48 bytes).
    Removing stm32f1xx_hal_msp.o(i.HAL_UART_MspDeInit), (140 bytes).
    Removing array.o(i.ArrayCheck), (18 bytes).
    Removing array.o(i.ArrayFlush), (8 bytes).
    Removing drv_ec20.o(.rev16_text), (4 bytes).
    Removing drv_ec20.o(.revsh_text), (4 bytes).
    Removing drv_ec20.o(.rrx_text), (6 bytes).
    Removing drv_ec20.o(i.EC20SendATCGREG), (48 bytes).
    Removing drv_ec20.o(i.EC20SendATCTZR), (48 bytes).
    Removing drv_ec20.o(i.EC20SendATQCFGCDMA), (60 bytes).
    Removing drv_ec20.o(i.EC20SendATQCTPWDCFG), (80 bytes).
    Removing drv_ec20.o(i.EC20_GetState), (12 bytes).
    Removing drv_wxcmd.o(.rev16_text), (4 bytes).
    Removing drv_wxcmd.o(.revsh_text), (4 bytes).
    Removing drv_wxcmd.o(.rrx_text), (6 bytes).
    Removing usermain.o(.rev16_text), (4 bytes).
    Removing usermain.o(.revsh_text), (4 bytes).
    Removing usermain.o(.rrx_text), (6 bytes).
    Removing flash_mx25.o(.rev16_text), (4 bytes).
    Removing flash_mx25.o(.revsh_text), (4 bytes).
    Removing flash_mx25.o(.rrx_text), (6 bytes).
    Removing flash_mx25.o(i.FLASH_EraseAddSector), (72 bytes).
    Removing flash_mx25.o(i.FLASH_EraseSector), (46 bytes).
    Removing flash_mx25.o(i.FLASH_ReadAddSector), (94 bytes).
    Removing flash_mx25.o(i.FLASH_ReadID), (60 bytes).
    Removing flash_mx25.o(i.FLASH_Test), (44 bytes).
    Removing flash_mx25.o(i.FLASH_WriteAddSector), (100 bytes).
    Removing flash_mx25.o(i.FLASH_WriteByte), (12 bytes).
    Removing flash_mx25.o(i.Flash_EraseSector), (50 bytes).
    Removing flash_mx25.o(i.Read_StatusRegister), (26 bytes).
    Removing flash_mx25.o(i.Write_Disable), (22 bytes).
    Removing flash_mx25.o(.bss), (256 bytes).
    Removing flash_mx25.o(.data), (8 bytes).
    Removing system_stm32f1xx.o(.rev16_text), (4 bytes).
    Removing system_stm32f1xx.o(.revsh_text), (4 bytes).
    Removing system_stm32f1xx.o(.rrx_text), (6 bytes).
    Removing system_stm32f1xx.o(i.SystemCoreClockUpdate), (164 bytes).
    Removing startup_stm32f103xb.o(HEAP), (512 bytes).
    Removing dadd.o(.text), (334 bytes).
    Removing dmul.o(.text), (228 bytes).
    Removing ddiv.o(.text), (222 bytes).
    Removing dfixul.o(.text), (48 bytes).
    Removing cdrcmple.o(.text), (48 bytes).
    Removing depilogue.o(.text), (186 bytes).

313 unused section(s) (total 23494 bytes) removed from the image.

==============================================================================

Image Symbol Table

    Local Symbols

    Symbol Name                              Value     Ov Type        Size  Object(Section)

    ../Drivers/STM32F1xx_HAL_Driver/Src/stm32f1xx_hal.c 0x00000000   Number         0  stm32f1xx_hal.o ABSOLUTE
    ../Drivers/STM32F1xx_HAL_Driver/Src/stm32f1xx_hal_adc.c 0x00000000   Number         0  stm32f1xx_hal_adc.o ABSOLUTE
    ../Drivers/STM32F1xx_HAL_Driver/Src/stm32f1xx_hal_adc_ex.c 0x00000000   Number         0  stm32f1xx_hal_adc_ex.o ABSOLUTE
    ../Drivers/STM32F1xx_HAL_Driver/Src/stm32f1xx_hal_cortex.c 0x00000000   Number         0  stm32f1xx_hal_cortex.o ABSOLUTE
    ../Drivers/STM32F1xx_HAL_Driver/Src/stm32f1xx_hal_dma.c 0x00000000   Number         0  stm32f1xx_hal_dma.o ABSOLUTE
    ../Drivers/STM32F1xx_HAL_Driver/Src/stm32f1xx_hal_flash.c 0x00000000   Number         0  stm32f1xx_hal_flash.o ABSOLUTE
    ../Drivers/STM32F1xx_HAL_Driver/Src/stm32f1xx_hal_flash_ex.c 0x00000000   Number         0  stm32f1xx_hal_flash_ex.o ABSOLUTE
    ../Drivers/STM32F1xx_HAL_Driver/Src/stm32f1xx_hal_gpio.c 0x00000000   Number         0  stm32f1xx_hal_gpio.o ABSOLUTE
    ../Drivers/STM32F1xx_HAL_Driver/Src/stm32f1xx_hal_gpio_ex.c 0x00000000   Number         0  stm32f1xx_hal_gpio_ex.o ABSOLUTE
    ../Drivers/STM32F1xx_HAL_Driver/Src/stm32f1xx_hal_pwr.c 0x00000000   Number         0  stm32f1xx_hal_pwr.o ABSOLUTE
    ../Drivers/STM32F1xx_HAL_Driver/Src/stm32f1xx_hal_rcc.c 0x00000000   Number         0  stm32f1xx_hal_rcc.o ABSOLUTE
    ../Drivers/STM32F1xx_HAL_Driver/Src/stm32f1xx_hal_rcc_ex.c 0x00000000   Number         0  stm32f1xx_hal_rcc_ex.o ABSOLUTE
    ../Drivers/STM32F1xx_HAL_Driver/Src/stm32f1xx_hal_spi.c 0x00000000   Number         0  stm32f1xx_hal_spi.o ABSOLUTE
    ../Drivers/STM32F1xx_HAL_Driver/Src/stm32f1xx_hal_spi_ex.c 0x00000000   Number         0  stm32f1xx_hal_spi_ex.o ABSOLUTE
    ../Drivers/STM32F1xx_HAL_Driver/Src/stm32f1xx_hal_tim.c 0x00000000   Number         0  stm32f1xx_hal_tim.o ABSOLUTE
    ../Drivers/STM32F1xx_HAL_Driver/Src/stm32f1xx_hal_tim_ex.c 0x00000000   Number         0  stm32f1xx_hal_tim_ex.o ABSOLUTE
    ../Drivers/STM32F1xx_HAL_Driver/Src/stm32f1xx_hal_uart.c 0x00000000   Number         0  stm32f1xx_hal_uart.o ABSOLUTE
    ../Src/main.c                            0x00000000   Number         0  main.o ABSOLUTE
    ../Src/stm32f1xx_hal_msp.c               0x00000000   Number         0  stm32f1xx_hal_msp.o ABSOLUTE
    ../Src/stm32f1xx_it.c                    0x00000000   Number         0  stm32f1xx_it.o ABSOLUTE
    ../clib/microlib/division.c              0x00000000   Number         0  uldiv.o ABSOLUTE
    ../clib/microlib/division.c              0x00000000   Number         0  uidiv.o ABSOLUTE
    ../clib/microlib/init/entry.s            0x00000000   Number         0  entry8b.o ABSOLUTE
    ../clib/microlib/init/entry.s            0x00000000   Number         0  entry.o ABSOLUTE
    ../clib/microlib/init/entry.s            0x00000000   Number         0  entry9a.o ABSOLUTE
    ../clib/microlib/init/entry.s            0x00000000   Number         0  entry2.o ABSOLUTE
    ../clib/microlib/init/entry.s            0x00000000   Number         0  entry9b.o ABSOLUTE
    ../clib/microlib/init/entry.s            0x00000000   Number         0  entry7b.o ABSOLUTE
    ../clib/microlib/init/entry.s            0x00000000   Number         0  entry7a.o ABSOLUTE
    ../clib/microlib/init/entry.s            0x00000000   Number         0  entry10a.o ABSOLUTE
    ../clib/microlib/init/entry.s            0x00000000   Number         0  entry11a.o ABSOLUTE
    ../clib/microlib/init/entry.s            0x00000000   Number         0  entry11b.o ABSOLUTE
    ../clib/microlib/init/entry.s            0x00000000   Number         0  entry5.o ABSOLUTE
    ../clib/microlib/init/entry.s            0x00000000   Number         0  entry10b.o ABSOLUTE
    ../clib/microlib/init/entry.s            0x00000000   Number         0  entry8a.o ABSOLUTE
    ../clib/microlib/longlong.c              0x00000000   Number         0  llushr.o ABSOLUTE
    ../clib/microlib/longlong.c              0x00000000   Number         0  llshl.o ABSOLUTE
    ../clib/microlib/longlong.c              0x00000000   Number         0  llsshr.o ABSOLUTE
    ../clib/microlib/printf/printf.c         0x00000000   Number         0  printf6.o ABSOLUTE
    ../clib/microlib/printf/printf.c         0x00000000   Number         0  printfb.o ABSOLUTE
    ../clib/microlib/printf/printf.c         0x00000000   Number         0  printf7.o ABSOLUTE
    ../clib/microlib/printf/printf.c         0x00000000   Number         0  printfa.o ABSOLUTE
    ../clib/microlib/printf/printf.c         0x00000000   Number         0  printf4.o ABSOLUTE
    ../clib/microlib/printf/printf.c         0x00000000   Number         0  printf8.o ABSOLUTE
    ../clib/microlib/printf/printf.c         0x00000000   Number         0  printf3.o ABSOLUTE
    ../clib/microlib/printf/printf.c         0x00000000   Number         0  printf2.o ABSOLUTE
    ../clib/microlib/printf/printf.c         0x00000000   Number         0  printf0.o ABSOLUTE
    ../clib/microlib/printf/printf.c         0x00000000   Number         0  printf1.o ABSOLUTE
    ../clib/microlib/printf/printf.c         0x00000000   Number         0  printf5.o ABSOLUTE
    ../clib/microlib/printf/stubs.s          0x00000000   Number         0  stubs.o ABSOLUTE
    ../clib/microlib/stdio/fputc.c           0x00000000   Number         0  fputc.o ABSOLUTE
    ../clib/microlib/stdio/semi.s            0x00000000   Number         0  semi.o ABSOLUTE
    ../clib/microlib/stdio/streams.c         0x00000000   Number         0  stdout.o ABSOLUTE
    ../clib/microlib/string/memcmp.c         0x00000000   Number         0  memcmp.o ABSOLUTE
    ../clib/microlib/string/memcpy.c         0x00000000   Number         0  memcpyb.o ABSOLUTE
    ../clib/microlib/string/memcpy.c         0x00000000   Number         0  memcpya.o ABSOLUTE
    ../clib/microlib/string/memset.c         0x00000000   Number         0  memseta.o ABSOLUTE
    ../clib/microlib/string/strcpy.c         0x00000000   Number         0  strcpy.o ABSOLUTE
    ../clib/microlib/string/strlen.c         0x00000000   Number         0  strlen.o ABSOLUTE
    ../clib/microlib/stubs.s                 0x00000000   Number         0  iusefp.o ABSOLUTE
    ../clib/microlib/stubs.s                 0x00000000   Number         0  iusesemip.o ABSOLUTE
    ../fplib/microlib/fpadd.c                0x00000000   Number         0  dadd.o ABSOLUTE
    ../fplib/microlib/fpdiv.c                0x00000000   Number         0  ddiv.o ABSOLUTE
    ../fplib/microlib/fpepilogue.c           0x00000000   Number         0  depilogue.o ABSOLUTE
    ../fplib/microlib/fpfix.c                0x00000000   Number         0  dfixul.o ABSOLUTE
    ../fplib/microlib/fpmul.c                0x00000000   Number         0  dmul.o ABSOLUTE
    ..\Drivers\CMSIS\Device\ST\STM32F1xx\Source\Templates\arm\startup_stm32f103xb.s 0x00000000   Number         0  startup_stm32f103xb.o ABSOLUTE
    ..\Drivers\CMSIS\Device\ST\STM32F1xx\Source\Templates\system_stm32f1xx.c 0x00000000   Number         0  system_stm32f1xx.o ABSOLUTE
    ..\Drivers\STM32F1xx_HAL_Driver\Src\stm32f1xx_hal.c 0x00000000   Number         0  stm32f1xx_hal.o ABSOLUTE
    ..\Drivers\STM32F1xx_HAL_Driver\Src\stm32f1xx_hal_adc.c 0x00000000   Number         0  stm32f1xx_hal_adc.o ABSOLUTE
    ..\Drivers\STM32F1xx_HAL_Driver\Src\stm32f1xx_hal_adc_ex.c 0x00000000   Number         0  stm32f1xx_hal_adc_ex.o ABSOLUTE
    ..\Drivers\STM32F1xx_HAL_Driver\Src\stm32f1xx_hal_cortex.c 0x00000000   Number         0  stm32f1xx_hal_cortex.o ABSOLUTE
    ..\Drivers\STM32F1xx_HAL_Driver\Src\stm32f1xx_hal_dma.c 0x00000000   Number         0  stm32f1xx_hal_dma.o ABSOLUTE
    ..\Drivers\STM32F1xx_HAL_Driver\Src\stm32f1xx_hal_flash.c 0x00000000   Number         0  stm32f1xx_hal_flash.o ABSOLUTE
    ..\Drivers\STM32F1xx_HAL_Driver\Src\stm32f1xx_hal_flash_ex.c 0x00000000   Number         0  stm32f1xx_hal_flash_ex.o ABSOLUTE
    ..\Drivers\STM32F1xx_HAL_Driver\Src\stm32f1xx_hal_gpio.c 0x00000000   Number         0  stm32f1xx_hal_gpio.o ABSOLUTE
    ..\Drivers\STM32F1xx_HAL_Driver\Src\stm32f1xx_hal_gpio_ex.c 0x00000000   Number         0  stm32f1xx_hal_gpio_ex.o ABSOLUTE
    ..\Drivers\STM32F1xx_HAL_Driver\Src\stm32f1xx_hal_pwr.c 0x00000000   Number         0  stm32f1xx_hal_pwr.o ABSOLUTE
    ..\Drivers\STM32F1xx_HAL_Driver\Src\stm32f1xx_hal_rcc.c 0x00000000   Number         0  stm32f1xx_hal_rcc.o ABSOLUTE
    ..\Drivers\STM32F1xx_HAL_Driver\Src\stm32f1xx_hal_rcc_ex.c 0x00000000   Number         0  stm32f1xx_hal_rcc_ex.o ABSOLUTE
    ..\Drivers\STM32F1xx_HAL_Driver\Src\stm32f1xx_hal_spi.c 0x00000000   Number         0  stm32f1xx_hal_spi.o ABSOLUTE
    ..\Drivers\STM32F1xx_HAL_Driver\Src\stm32f1xx_hal_spi_ex.c 0x00000000   Number         0  stm32f1xx_hal_spi_ex.o ABSOLUTE
    ..\Drivers\STM32F1xx_HAL_Driver\Src\stm32f1xx_hal_tim.c 0x00000000   Number         0  stm32f1xx_hal_tim.o ABSOLUTE
    ..\Drivers\STM32F1xx_HAL_Driver\Src\stm32f1xx_hal_tim_ex.c 0x00000000   Number         0  stm32f1xx_hal_tim_ex.o ABSOLUTE
    ..\Drivers\STM32F1xx_HAL_Driver\Src\stm32f1xx_hal_uart.c 0x00000000   Number         0  stm32f1xx_hal_uart.o ABSOLUTE
    ..\Src\User\Drv_EC20.c                   0x00000000   Number         0  drv_ec20.o ABSOLUTE
    ..\Src\User\Drv_WXCmd.c                  0x00000000   Number         0  drv_wxcmd.o ABSOLUTE
    ..\Src\User\FLASH_MX25.c                 0x00000000   Number         0  flash_mx25.o ABSOLUTE
    ..\Src\User\UserMain.c                   0x00000000   Number         0  usermain.o ABSOLUTE
    ..\Src\User\array.c                      0x00000000   Number         0  array.o ABSOLUTE
    ..\Src\main.c                            0x00000000   Number         0  main.o ABSOLUTE
    ..\Src\stm32f1xx_hal_msp.c               0x00000000   Number         0  stm32f1xx_hal_msp.o ABSOLUTE
    ..\Src\stm32f1xx_it.c                    0x00000000   Number         0  stm32f1xx_it.o ABSOLUTE
    ..\\Drivers\\CMSIS\\Device\\ST\\STM32F1xx\\Source\\Templates\\system_stm32f1xx.c 0x00000000   Number         0  system_stm32f1xx.o ABSOLUTE
    ..\\Src\\User\\Drv_EC20.c                0x00000000   Number         0  drv_ec20.o ABSOLUTE
    ..\\Src\\User\\Drv_WXCmd.c               0x00000000   Number         0  drv_wxcmd.o ABSOLUTE
    ..\\Src\\User\\FLASH_MX25.c              0x00000000   Number         0  flash_mx25.o ABSOLUTE
    ..\\Src\\User\\UserMain.c                0x00000000   Number         0  usermain.o ABSOLUTE
    cdrcmple.s                               0x00000000   Number         0  cdrcmple.o ABSOLUTE
    dc.s                                     0x00000000   Number         0  dc.o ABSOLUTE
    handlers.s                               0x00000000   Number         0  handlers.o ABSOLUTE
    init.s                                   0x00000000   Number         0  init.o ABSOLUTE
    RESET                                    0x08000000   Section      236  startup_stm32f103xb.o(RESET)
    .ARM.Collect$$$$00000000                 0x080000ec   Section        0  entry.o(.ARM.Collect$$$$00000000)
    .ARM.Collect$$$$00000001                 0x080000ec   Section        4  entry2.o(.ARM.Collect$$$$00000001)
    .ARM.Collect$$$$00000004                 0x080000f0   Section        4  entry5.o(.ARM.Collect$$$$00000004)
    .ARM.Collect$$$$00000008                 0x080000f4   Section        0  entry7b.o(.ARM.Collect$$$$00000008)
    .ARM.Collect$$$$0000000A                 0x080000f4   Section        0  entry8b.o(.ARM.Collect$$$$0000000A)
    .ARM.Collect$$$$0000000B                 0x080000f4   Section        8  entry9a.o(.ARM.Collect$$$$0000000B)
    .ARM.Collect$$$$0000000D                 0x080000fc   Section        0  entry10a.o(.ARM.Collect$$$$0000000D)
    .ARM.Collect$$$$0000000F                 0x080000fc   Section        0  entry11a.o(.ARM.Collect$$$$0000000F)
    .ARM.Collect$$$$00002712                 0x080000fc   Section        4  entry2.o(.ARM.Collect$$$$00002712)
    __lit__00000000                          0x080000fc   Data           4  entry2.o(.ARM.Collect$$$$00002712)
    .text                                    0x08000100   Section       36  startup_stm32f103xb.o(.text)
    .text                                    0x08000124   Section        0  llushr.o(.text)
    .text                                    0x08000144   Section        0  memcpya.o(.text)
    .text                                    0x08000168   Section        0  memseta.o(.text)
    .text                                    0x0800018c   Section        0  strlen.o(.text)
    .text                                    0x0800019a   Section        0  memcmp.o(.text)
    .text                                    0x080001b4   Section        0  strcpy.o(.text)
    .text                                    0x080001c6   Section        0  uldiv.o(.text)
    .text                                    0x08000228   Section       36  init.o(.text)
    .text                                    0x0800024c   Section        0  llshl.o(.text)
    i.ADC_ConversionStop_Disable             0x0800026a   Section        0  stm32f1xx_hal_adc.o(i.ADC_ConversionStop_Disable)
    i.ArrayInit                              0x080002bc   Section        0  array.o(i.ArrayInit)
    i.ArrayRead                              0x080002c8   Section        0  array.o(i.ArrayRead)
    i.ArrayWrite                             0x080002f4   Section        0  array.o(i.ArrayWrite)
    i.BusFault_Handler                       0x0800032c   Section        0  stm32f1xx_it.o(i.BusFault_Handler)
    i.CallBackUartRecv                       0x08000330   Section        0  usermain.o(i.CallBackUartRecv)
    i.CallBackUartSend                       0x08000374   Section        0  usermain.o(i.CallBackUartSend)
    i.CheckOtherRespond                      0x080003b4   Section        0  drv_ec20.o(i.CheckOtherRespond)
    i.CheckRespond                           0x08000400   Section        0  drv_ec20.o(i.CheckRespond)
    i.CheckWXCmd                             0x08000cf0   Section        0  drv_wxcmd.o(i.CheckWXCmd)
    i.CmdSend                                0x08000ebc   Section        0  drv_wxcmd.o(i.CmdSend)
    i.CmdSendACK                             0x08000f4c   Section        0  drv_wxcmd.o(i.CmdSendACK)
    i.DebugMon_Handler                       0x08000f68   Section        0  stm32f1xx_it.o(i.DebugMon_Handler)
    i.DebugOutHexStr                         0x08000f6c   Section        0  usermain.o(i.DebugOutHexStr)
    i.DebugOutHexStr_fast                    0x08000fb0   Section        0  usermain.o(i.DebugOutHexStr_fast)
    i.DebugOutStr                            0x08001020   Section        0  usermain.o(i.DebugOutStr)
    i.EC20CloseTCP                           0x0800104c   Section        0  drv_ec20.o(i.EC20CloseTCP)
    i.EC20MainTask                           0x08001060   Section        0  drv_ec20.o(i.EC20MainTask)
    i.EC20MakeCmd                            0x08001488   Section        0  drv_ec20.o(i.EC20MakeCmd)
    i.EC20PowON                              0x080015f8   Section        0  drv_ec20.o(i.EC20PowON)
    i.EC20SendAT                             0x08001604   Section        0  drv_ec20.o(i.EC20SendAT)
    i.EC20SendATCEREG                        0x08001630   Section        0  drv_ec20.o(i.EC20SendATCEREG)
    i.EC20SendATCIMI                         0x08001660   Section        0  drv_ec20.o(i.EC20SendATCIMI)
    i.EC20SendATCPIN                         0x08001690   Section        0  drv_ec20.o(i.EC20SendATCPIN)
    i.EC20SendATCREG                         0x080016c0   Section        0  drv_ec20.o(i.EC20SendATCREG)
    i.EC20SendATCSQ                          0x080016f0   Section        0  drv_ec20.o(i.EC20SendATCSQ)
    i.EC20SendATE0                           0x08001720   Section        0  drv_ec20.o(i.EC20SendATE0)
    i.EC20SendATQCCID                        0x0800174c   Section        0  drv_ec20.o(i.EC20SendATQCCID)
    i.EC20SendATQFTPCFG                      0x0800177c   Section        0  drv_ec20.o(i.EC20SendATQFTPCFG)
    i.EC20SendATQFTPCLOSE                    0x080017f0   Section        0  drv_ec20.o(i.EC20SendATQFTPCLOSE)
    i.EC20SendATQFTPCWD                      0x08001824   Section        0  drv_ec20.o(i.EC20SendATQFTPCWD)
    i.EC20SendATQFTPGET                      0x08001860   Section        0  drv_ec20.o(i.EC20SendATQFTPGET)
    i.EC20SendATQFTPLEN                      0x080018b4   Section        0  drv_ec20.o(i.EC20SendATQFTPLEN)
    i.EC20SendATQFTPOPEN                     0x080018f0   Section        0  drv_ec20.o(i.EC20SendATQFTPOPEN)
    i.EC20SendATQIACT                        0x08001934   Section        0  drv_ec20.o(i.EC20SendATQIACT)
    i.EC20SendATQICLOSE                      0x08001968   Section        0  drv_ec20.o(i.EC20SendATQICLOSE)
    i.EC20SendATQICSGP                       0x0800199c   Section        0  drv_ec20.o(i.EC20SendATQICSGP)
    i.EC20SendATQIDEACT                      0x080019f8   Section        0  drv_ec20.o(i.EC20SendATQIDEACT)
    i.EC20SendATQIDNSCFG                     0x08001a2c   Section        0  drv_ec20.o(i.EC20SendATQIDNSCFG)
    i.EC20SendATQIOPEN                       0x08001a60   Section        0  drv_ec20.o(i.EC20SendATQIOPEN)
    i.EC20SendATQIREAD                       0x08001adc   Section        0  drv_ec20.o(i.EC20SendATQIREAD)
    i.EC20SendATQISEND                       0x08001b0c   Section        0  drv_ec20.o(i.EC20SendATQISEND)
    i.EC20_GetFTPFile                        0x08001b48   Section        0  drv_ec20.o(i.EC20_GetFTPFile)
    i.EC20_PWRKEY_Ctrl                       0x08001c20   Section        0  drv_ec20.o(i.EC20_PWRKEY_Ctrl)
    i.EC20_SendData                          0x08001c44   Section        0  drv_ec20.o(i.EC20_SendData)
    i.Error_Handler                          0x08001c70   Section        0  main.o(i.Error_Handler)
    i.FLASH_EraseChip                        0x08001c74   Section        0  flash_mx25.o(i.FLASH_EraseChip)
    i.FLASH_ReadByte                         0x08001c8e   Section        0  flash_mx25.o(i.FLASH_ReadByte)
    i.FLASH_RecvSendByte                     0x08001c98   Section        0  flash_mx25.o(i.FLASH_RecvSendByte)
    i.FTPWriteFile                           0x08001cb8   Section        0  drv_ec20.o(i.FTPWriteFile)
    i.FindCharInStr                          0x08001d44   Section        0  drv_ec20.o(i.FindCharInStr)
    i.FlashDeSelect                          0x08001d5e   Section        0  flash_mx25.o(i.FlashDeSelect)
    i.FlashDelayMs                           0x08001d66   Section        0  flash_mx25.o(i.FlashDelayMs)
    i.FlashSelect                            0x08001d80   Section        0  flash_mx25.o(i.FlashSelect)
    i.Flash_Init                             0x08001d88   Section        0  flash_mx25.o(i.Flash_Init)
    i.Flash_PageWrite                        0x08001d96   Section        0  flash_mx25.o(i.Flash_PageWrite)
    i.Flash_Read                             0x08001de0   Section        0  flash_mx25.o(i.Flash_Read)
    i.Flash_Write                            0x08001e2a   Section        0  flash_mx25.o(i.Flash_Write)
    i.FtpFileSend                            0x08001e68   Section        0  drv_wxcmd.o(i.FtpFileSend)
    i.GetFtpFileLen                          0x08001fc4   Section        0  drv_ec20.o(i.GetFtpFileLen)
    i.GetStrPara                             0x08001fd0   Section        0  drv_ec20.o(i.GetStrPara)
    i.HAL_ADC_ConfigChannel                  0x08002024   Section        0  stm32f1xx_hal_adc.o(i.HAL_ADC_ConfigChannel)
    i.HAL_ADC_Init                           0x080021e8   Section        0  stm32f1xx_hal_adc.o(i.HAL_ADC_Init)
    i.HAL_ADC_MspInit                        0x0800234c   Section        0  stm32f1xx_hal_msp.o(i.HAL_ADC_MspInit)
    i.HAL_Delay                              0x08002398   Section        0  stm32f1xx_hal.o(i.HAL_Delay)
    i.HAL_GPIO_Init                          0x080023b4   Section        0  stm32f1xx_hal_gpio.o(i.HAL_GPIO_Init)
    i.HAL_GPIO_WritePin                      0x080026d0   Section        0  stm32f1xx_hal_gpio.o(i.HAL_GPIO_WritePin)
    i.HAL_GetTick                            0x080026dc   Section        0  stm32f1xx_hal.o(i.HAL_GetTick)
    i.HAL_IncTick                            0x080026e8   Section        0  stm32f1xx_hal.o(i.HAL_IncTick)
    i.HAL_Init                               0x080026f8   Section        0  stm32f1xx_hal.o(i.HAL_Init)
    i.HAL_InitTick                           0x08002720   Section        0  stm32f1xx_hal.o(i.HAL_InitTick)
    i.HAL_MspInit                            0x08002744   Section        0  stm32f1xx_hal_msp.o(i.HAL_MspInit)
    i.HAL_NVIC_EnableIRQ                     0x080027d0   Section        0  stm32f1xx_hal_cortex.o(i.HAL_NVIC_EnableIRQ)
    i.HAL_NVIC_SetPriority                   0x080027ea   Section        0  stm32f1xx_hal_cortex.o(i.HAL_NVIC_SetPriority)
    i.HAL_NVIC_SetPriorityGrouping           0x08002868   Section        0  stm32f1xx_hal_cortex.o(i.HAL_NVIC_SetPriorityGrouping)
    i.HAL_RCCEx_PeriphCLKConfig              0x08002890   Section        0  stm32f1xx_hal_rcc_ex.o(i.HAL_RCCEx_PeriphCLKConfig)
    i.HAL_RCC_ClockConfig                    0x08002a0c   Section        0  stm32f1xx_hal_rcc.o(i.HAL_RCC_ClockConfig)
    i.HAL_RCC_GetHCLKFreq                    0x08002ca4   Section        0  stm32f1xx_hal_rcc.o(i.HAL_RCC_GetHCLKFreq)
    i.HAL_RCC_GetPCLK1Freq                   0x08002cb0   Section        0  stm32f1xx_hal_rcc.o(i.HAL_RCC_GetPCLK1Freq)
    i.HAL_RCC_GetPCLK2Freq                   0x08002cdc   Section        0  stm32f1xx_hal_rcc.o(i.HAL_RCC_GetPCLK2Freq)
    i.HAL_RCC_GetSysClockFreq                0x08002d08   Section        0  stm32f1xx_hal_rcc.o(i.HAL_RCC_GetSysClockFreq)
    i.HAL_RCC_OscConfig                      0x08002dbc   Section        0  stm32f1xx_hal_rcc.o(i.HAL_RCC_OscConfig)
    i.HAL_SPI_Init                           0x08003634   Section        0  stm32f1xx_hal_spi_ex.o(i.HAL_SPI_Init)
    i.HAL_SPI_MspInit                        0x080036c0   Section        0  stm32f1xx_hal_msp.o(i.HAL_SPI_MspInit)
    i.HAL_SPI_TransmitReceive                0x08003720   Section        0  stm32f1xx_hal_spi.o(i.HAL_SPI_TransmitReceive)
    i.HAL_SYSTICK_CLKSourceConfig            0x08003a64   Section        0  stm32f1xx_hal_cortex.o(i.HAL_SYSTICK_CLKSourceConfig)
    i.HAL_SYSTICK_Callback                   0x08003a8c   Section        0  usermain.o(i.HAL_SYSTICK_Callback)
    i.HAL_SYSTICK_Config                     0x08003a98   Section        0  stm32f1xx_hal_cortex.o(i.HAL_SYSTICK_Config)
    i.HAL_SYSTICK_IRQHandler                 0x08003acc   Section        0  stm32f1xx_hal_cortex.o(i.HAL_SYSTICK_IRQHandler)
    i.HAL_UART_ErrorCallback                 0x08003ad4   Section        0  stm32f1xx_hal_uart.o(i.HAL_UART_ErrorCallback)
    i.HAL_UART_IRQHandler                    0x08003ad6   Section        0  stm32f1xx_hal_uart.o(i.HAL_UART_IRQHandler)
    i.HAL_UART_Init                          0x08003bb0   Section        0  stm32f1xx_hal_uart.o(i.HAL_UART_Init)
    i.HAL_UART_MspInit                       0x08003c20   Section        0  stm32f1xx_hal_msp.o(i.HAL_UART_MspInit)
    i.HAL_UART_TxCpltCallback                0x08003d58   Section        0  stm32f1xx_hal_uart.o(i.HAL_UART_TxCpltCallback)
    i.HardFault_Handler                      0x08003d5a   Section        0  stm32f1xx_it.o(i.HardFault_Handler)
    i.HostMainTask                           0x08003d60   Section        0  drv_wxcmd.o(i.HostMainTask)
    i.IO_FLASH_CS_0                          0x08003eac   Section        0  flash_mx25.o(i.IO_FLASH_CS_0)
    i.IO_FLASH_CS_1                          0x08003ec0   Section        0  flash_mx25.o(i.IO_FLASH_CS_1)
    i.MX_ADC1_Init                           0x08003ed4   Section        0  main.o(i.MX_ADC1_Init)
    MX_ADC1_Init                             0x08003ed5   Thumb Code    74  main.o(i.MX_ADC1_Init)
    i.MX_GPIO_Init                           0x08003f28   Section        0  main.o(i.MX_GPIO_Init)
    MX_GPIO_Init                             0x08003f29   Thumb Code   280  main.o(i.MX_GPIO_Init)
    i.MX_SPI1_Init                           0x08004050   Section        0  main.o(i.MX_SPI1_Init)
    MX_SPI1_Init                             0x08004051   Thumb Code    60  main.o(i.MX_SPI1_Init)
    i.MX_USART1_UART_Init                    0x08004094   Section        0  main.o(i.MX_USART1_UART_Init)
    MX_USART1_UART_Init                      0x08004095   Thumb Code    46  main.o(i.MX_USART1_UART_Init)
    i.MX_USART2_UART_Init                    0x080040cc   Section        0  main.o(i.MX_USART2_UART_Init)
    MX_USART2_UART_Init                      0x080040cd   Thumb Code    46  main.o(i.MX_USART2_UART_Init)
    i.MX_USART3_UART_Init                    0x08004104   Section        0  main.o(i.MX_USART3_UART_Init)
    MX_USART3_UART_Init                      0x08004105   Thumb Code    46  main.o(i.MX_USART3_UART_Init)
    i.MakeCmd                                0x0800413c   Section        0  drv_wxcmd.o(i.MakeCmd)
    i.MemManage_Handler                      0x08004214   Section        0  stm32f1xx_it.o(i.MemManage_Handler)
    i.NMI_Handler                            0x08004218   Section        0  stm32f1xx_it.o(i.NMI_Handler)
    i.NVIC_GetPriorityGrouping               0x0800421c   Section        0  stm32f1xx_hal_cortex.o(i.NVIC_GetPriorityGrouping)
    NVIC_GetPriorityGrouping                 0x0800421d   Thumb Code    10  stm32f1xx_hal_cortex.o(i.NVIC_GetPriorityGrouping)
    i.NVIC_SetPriority                       0x0800422c   Section        0  stm32f1xx_hal_cortex.o(i.NVIC_SetPriority)
    NVIC_SetPriority                         0x0800422d   Thumb Code    32  stm32f1xx_hal_cortex.o(i.NVIC_SetPriority)
    i.OpenUartRXInt                          0x08004254   Section        0  usermain.o(i.OpenUartRXInt)
    i.PendSV_Handler                         0x08004294   Section        0  stm32f1xx_it.o(i.PendSV_Handler)
    i.Print_DTU_Version                      0x08004298   Section        0  drv_ec20.o(i.Print_DTU_Version)
    i.SPI_WaitOnFlagUntilTimeout             0x080042e8   Section        0  stm32f1xx_hal_spi.o(i.SPI_WaitOnFlagUntilTimeout)
    SPI_WaitOnFlagUntilTimeout               0x080042e9   Thumb Code   276  stm32f1xx_hal_spi.o(i.SPI_WaitOnFlagUntilTimeout)
    i.SVC_Handler                            0x080043fc   Section        0  stm32f1xx_it.o(i.SVC_Handler)
    i.SendCmdHostMan                         0x08004400   Section        0  drv_wxcmd.o(i.SendCmdHostMan)
    i.SysTick_Handler                        0x08004464   Section        0  stm32f1xx_it.o(i.SysTick_Handler)
    i.SystemClock_Config                     0x08004470   Section        0  main.o(i.SystemClock_Config)
    i.SystemInit                             0x080044f8   Section        0  system_stm32f1xx.o(i.SystemInit)
    i.UART_EndTransmit_IT                    0x08004550   Section        0  stm32f1xx_hal_uart.o(i.UART_EndTransmit_IT)
    UART_EndTransmit_IT                      0x08004551   Thumb Code    48  stm32f1xx_hal_uart.o(i.UART_EndTransmit_IT)
    i.UART_Receive_IT                        0x08004580   Section        0  stm32f1xx_hal_uart.o(i.UART_Receive_IT)
    UART_Receive_IT                          0x08004581   Thumb Code    60  stm32f1xx_hal_uart.o(i.UART_Receive_IT)
    i.UART_SetConfig                         0x080045c8   Section        0  stm32f1xx_hal_uart.o(i.UART_SetConfig)
    UART_SetConfig                           0x080045c9   Thumb Code   450  stm32f1xx_hal_uart.o(i.UART_SetConfig)
    i.UART_Transmit_IT                       0x08004790   Section        0  stm32f1xx_hal_uart.o(i.UART_Transmit_IT)
    UART_Transmit_IT                         0x08004791   Thumb Code   130  stm32f1xx_hal_uart.o(i.UART_Transmit_IT)
    i.USART1_IRQHandler                      0x08004818   Section        0  stm32f1xx_it.o(i.USART1_IRQHandler)
    i.USART2_IRQHandler                      0x08004828   Section        0  stm32f1xx_it.o(i.USART2_IRQHandler)
    i.USART3_IRQHandler                      0x08004838   Section        0  stm32f1xx_it.o(i.USART3_IRQHandler)
    i.UartSendStr                            0x08004848   Section        0  usermain.o(i.UartSendStr)
    i.UsageFault_Handler                     0x080048c0   Section        0  stm32f1xx_it.o(i.UsageFault_Handler)
    i.UserInit                               0x080048c4   Section        0  usermain.o(i.UserInit)
    i.UserMain                               0x08004930   Section        0  usermain.o(i.UserMain)
    i.Write_Busy                             0x0800499c   Section        0  flash_mx25.o(i.Write_Busy)
    i.Write_Enable                           0x080049d0   Section        0  flash_mx25.o(i.Write_Enable)
    i.Write_StatusRegister                   0x080049e2   Section        0  flash_mx25.o(i.Write_StatusRegister)
    i.__0sprintf$8                           0x08004a00   Section        0  printf8.o(i.__0sprintf$8)
    i.__scatterload_copy                     0x08004a28   Section       14  handlers.o(i.__scatterload_copy)
    i.__scatterload_null                     0x08004a36   Section        2  handlers.o(i.__scatterload_null)
    i.__scatterload_zeroinit                 0x08004a38   Section       14  handlers.o(i.__scatterload_zeroinit)
    i._printf_core                           0x08004a48   Section        0  printf8.o(i._printf_core)
    _printf_core                             0x08004a49   Thumb Code   996  printf8.o(i._printf_core)
    i._printf_post_padding                   0x08004e58   Section        0  printf8.o(i._printf_post_padding)
    _printf_post_padding                     0x08004e59   Thumb Code    36  printf8.o(i._printf_post_padding)
    i._printf_pre_padding                    0x08004e7c   Section        0  printf8.o(i._printf_pre_padding)
    _printf_pre_padding                      0x08004e7d   Thumb Code    46  printf8.o(i._printf_pre_padding)
    i._sputc                                 0x08004eaa   Section        0  printf8.o(i._sputc)
    _sputc                                   0x08004eab   Thumb Code    10  printf8.o(i._sputc)
    i.main                                   0x08004eb4   Section        0  main.o(i.main)
    .constdata                               0x08004f0c   Section        3  drv_ec20.o(.constdata)
    .constdata                               0x08004f0f   Section       24  system_stm32f1xx.o(.constdata)
    .data                                    0x20000000   Section        4  stm32f1xx_hal.o(.data)
    uwTick                                   0x20000000   Data           4  stm32f1xx_hal.o(.data)
    .data                                    0x20000004   Section        1  stm32f1xx_hal_spi_ex.o(.data)
    .data                                    0x20000008   Section       68  drv_ec20.o(.data)
    EC20CmdRespondOK                         0x20000009   Data           1  drv_ec20.o(.data)
    CheckRespondStep                         0x2000000a   Data           1  drv_ec20.o(.data)
    CmdWaitTime                              0x2000003c   Data           4  drv_ec20.o(.data)
    CmdRtyTimes                              0x20000040   Data           4  drv_ec20.o(.data)
    CmdWaitOK                                0x20000044   Data           1  drv_ec20.o(.data)
    .data                                    0x2000004c   Section       68  drv_wxcmd.o(.data)
    .data                                    0x20000090   Section        1  usermain.o(.data)
    .data                                    0x20000094   Section        4  system_stm32f1xx.o(.data)
    .bss                                     0x20000098   Section      328  main.o(.bss)
    .bss                                     0x200001e0   Section     3070  drv_ec20.o(.bss)
    EC20CmdSendBuf                           0x200001e0   Data         128  drv_ec20.o(.bss)
    EC20Cmd                                  0x20000260   Data         268  drv_ec20.o(.bss)
    .bss                                     0x20000de0   Section     1582  drv_wxcmd.o(.bss)
    .bss                                     0x20001410   Section      512  usermain.o(.bss)
    STACK                                    0x20001610   Section     1024  startup_stm32f103xb.o(STACK)

    Global Symbols

    Symbol Name                              Value     Ov Type        Size  Object(Section)

    BuildAttributes$$THM_ISAv4$P$D$K$B$S$PE$A:L22UL41UL21$X:L11$S22US41US21$IEEE1$IW$USESV6$~STKCKD$USESV7$~SHL$OSPACE$ROPI$EBA8$MICROLIB$REQ8$PRES8$EABIv2 0x00000000   Number         0  anon$$obj.o ABSOLUTE
    __ARM_use_no_argv                        0x00000000   Number         0  main.o ABSOLUTE
    _printf_a                                0x00000000   Number         0  stubs.o ABSOLUTE
    _printf_c                                0x00000000   Number         0  stubs.o ABSOLUTE
    _printf_charcount                        0x00000000   Number         0  stubs.o ABSOLUTE
    _printf_d                                0x00000000   Number         0  stubs.o ABSOLUTE
    _printf_e                                0x00000000   Number         0  stubs.o ABSOLUTE
    _printf_f                                0x00000000   Number         0  stubs.o ABSOLUTE
    _printf_flags                            0x00000000   Number         0  stubs.o ABSOLUTE
    _printf_fp_dec                           0x00000000   Number         0  stubs.o ABSOLUTE
    _printf_fp_hex                           0x00000000   Number         0  stubs.o ABSOLUTE
    _printf_g                                0x00000000   Number         0  stubs.o ABSOLUTE
    _printf_i                                0x00000000   Number         0  stubs.o ABSOLUTE
    _printf_int_dec                          0x00000000   Number         0  stubs.o ABSOLUTE
    _printf_l                                0x00000000   Number         0  stubs.o ABSOLUTE
    _printf_lc                               0x00000000   Number         0  stubs.o ABSOLUTE
    _printf_ll                               0x00000000   Number         0  stubs.o ABSOLUTE
    _printf_lld                              0x00000000   Number         0  stubs.o ABSOLUTE
    _printf_lli                              0x00000000   Number         0  stubs.o ABSOLUTE
    _printf_llo                              0x00000000   Number         0  stubs.o ABSOLUTE
    _printf_llu                              0x00000000   Number         0  stubs.o ABSOLUTE
    _printf_llx                              0x00000000   Number         0  stubs.o ABSOLUTE
    _printf_longlong_dec                     0x00000000   Number         0  stubs.o ABSOLUTE
    _printf_longlong_hex                     0x00000000   Number         0  stubs.o ABSOLUTE
    _printf_longlong_oct                     0x00000000   Number         0  stubs.o ABSOLUTE
    _printf_ls                               0x00000000   Number         0  stubs.o ABSOLUTE
    _printf_mbtowc                           0x00000000   Number         0  stubs.o ABSOLUTE
    _printf_n                                0x00000000   Number         0  stubs.o ABSOLUTE
    _printf_o                                0x00000000   Number         0  stubs.o ABSOLUTE
    _printf_p                                0x00000000   Number         0  stubs.o ABSOLUTE
    _printf_percent                          0x00000000   Number         0  stubs.o ABSOLUTE
    _printf_pre_padding                      0x00000000   Number         0  stubs.o ABSOLUTE
    _printf_return_value                     0x00000000   Number         0  stubs.o ABSOLUTE
    _printf_s                                0x00000000   Number         0  stubs.o ABSOLUTE
    _printf_sizespec                         0x00000000   Number         0  stubs.o ABSOLUTE
    _printf_str                              0x00000000   Number         0  stubs.o ABSOLUTE
    _printf_truncate_signed                  0x00000000   Number         0  stubs.o ABSOLUTE
    _printf_truncate_unsigned                0x00000000   Number         0  stubs.o ABSOLUTE
    _printf_u                                0x00000000   Number         0  stubs.o ABSOLUTE
    _printf_wc                               0x00000000   Number         0  stubs.o ABSOLUTE
    _printf_wctomb                           0x00000000   Number         0  stubs.o ABSOLUTE
    _printf_widthprec                        0x00000000   Number         0  stubs.o ABSOLUTE
    _printf_x                                0x00000000   Number         0  stubs.o ABSOLUTE
    __cpp_initialize__aeabi_                  - Undefined Weak Reference
    __cxa_finalize                            - Undefined Weak Reference
    __decompress                              - Undefined Weak Reference
    _clock_init                               - Undefined Weak Reference
    _microlib_exit                            - Undefined Weak Reference
    __Vectors_Size                           0x000000ec   Number         0  startup_stm32f103xb.o ABSOLUTE
    __Vectors                                0x08000000   Data           4  startup_stm32f103xb.o(RESET)
    __Vectors_End                            0x080000ec   Data           0  startup_stm32f103xb.o(RESET)
    __main                                   0x080000ed   Thumb Code     0  entry.o(.ARM.Collect$$$$00000000)
    _main_stk                                0x080000ed   Thumb Code     0  entry2.o(.ARM.Collect$$$$00000001)
    _main_scatterload                        0x080000f1   Thumb Code     0  entry5.o(.ARM.Collect$$$$00000004)
    __main_after_scatterload                 0x080000f5   Thumb Code     0  entry5.o(.ARM.Collect$$$$00000004)
    _main_clock                              0x080000f5   Thumb Code     0  entry7b.o(.ARM.Collect$$$$00000008)
    _main_cpp_init                           0x080000f5   Thumb Code     0  entry8b.o(.ARM.Collect$$$$0000000A)
    _main_init                               0x080000f5   Thumb Code     0  entry9a.o(.ARM.Collect$$$$0000000B)
    __rt_final_cpp                           0x080000fd   Thumb Code     0  entry10a.o(.ARM.Collect$$$$0000000D)
    __rt_final_exit                          0x080000fd   Thumb Code     0  entry11a.o(.ARM.Collect$$$$0000000F)
    Reset_Handler                            0x08000101   Thumb Code     8  startup_stm32f103xb.o(.text)
    ADC1_2_IRQHandler                        0x0800011b   Thumb Code     0  startup_stm32f103xb.o(.text)
    CAN1_RX1_IRQHandler                      0x0800011b   Thumb Code     0  startup_stm32f103xb.o(.text)
    CAN1_SCE_IRQHandler                      0x0800011b   Thumb Code     0  startup_stm32f103xb.o(.text)
    DMA1_Channel1_IRQHandler                 0x0800011b   Thumb Code     0  startup_stm32f103xb.o(.text)
    DMA1_Channel2_IRQHandler                 0x0800011b   Thumb Code     0  startup_stm32f103xb.o(.text)
    DMA1_Channel3_IRQHandler                 0x0800011b   Thumb Code     0  startup_stm32f103xb.o(.text)
    DMA1_Channel4_IRQHandler                 0x0800011b   Thumb Code     0  startup_stm32f103xb.o(.text)
    DMA1_Channel5_IRQHandler                 0x0800011b   Thumb Code     0  startup_stm32f103xb.o(.text)
    DMA1_Channel6_IRQHandler                 0x0800011b   Thumb Code     0  startup_stm32f103xb.o(.text)
    DMA1_Channel7_IRQHandler                 0x0800011b   Thumb Code     0  startup_stm32f103xb.o(.text)
    EXTI0_IRQHandler                         0x0800011b   Thumb Code     0  startup_stm32f103xb.o(.text)
    EXTI15_10_IRQHandler                     0x0800011b   Thumb Code     0  startup_stm32f103xb.o(.text)
    EXTI1_IRQHandler                         0x0800011b   Thumb Code     0  startup_stm32f103xb.o(.text)
    EXTI2_IRQHandler                         0x0800011b   Thumb Code     0  startup_stm32f103xb.o(.text)
    EXTI3_IRQHandler                         0x0800011b   Thumb Code     0  startup_stm32f103xb.o(.text)
    EXTI4_IRQHandler                         0x0800011b   Thumb Code     0  startup_stm32f103xb.o(.text)
    EXTI9_5_IRQHandler                       0x0800011b   Thumb Code     0  startup_stm32f103xb.o(.text)
    FLASH_IRQHandler                         0x0800011b   Thumb Code     0  startup_stm32f103xb.o(.text)
    I2C1_ER_IRQHandler                       0x0800011b   Thumb Code     0  startup_stm32f103xb.o(.text)
    I2C1_EV_IRQHandler                       0x0800011b   Thumb Code     0  startup_stm32f103xb.o(.text)
    I2C2_ER_IRQHandler                       0x0800011b   Thumb Code     0  startup_stm32f103xb.o(.text)
    I2C2_EV_IRQHandler                       0x0800011b   Thumb Code     0  startup_stm32f103xb.o(.text)
    PVD_IRQHandler                           0x0800011b   Thumb Code     0  startup_stm32f103xb.o(.text)
    RCC_IRQHandler                           0x0800011b   Thumb Code     0  startup_stm32f103xb.o(.text)
    RTC_Alarm_IRQHandler                     0x0800011b   Thumb Code     0  startup_stm32f103xb.o(.text)
    RTC_IRQHandler                           0x0800011b   Thumb Code     0  startup_stm32f103xb.o(.text)
    SPI1_IRQHandler                          0x0800011b   Thumb Code     0  startup_stm32f103xb.o(.text)
    SPI2_IRQHandler                          0x0800011b   Thumb Code     0  startup_stm32f103xb.o(.text)
    TAMPER_IRQHandler                        0x0800011b   Thumb Code     0  startup_stm32f103xb.o(.text)
    TIM1_BRK_IRQHandler                      0x0800011b   Thumb Code     0  startup_stm32f103xb.o(.text)
    TIM1_CC_IRQHandler                       0x0800011b   Thumb Code     0  startup_stm32f103xb.o(.text)
    TIM1_TRG_COM_IRQHandler                  0x0800011b   Thumb Code     0  startup_stm32f103xb.o(.text)
    TIM1_UP_IRQHandler                       0x0800011b   Thumb Code     0  startup_stm32f103xb.o(.text)
    TIM2_IRQHandler                          0x0800011b   Thumb Code     0  startup_stm32f103xb.o(.text)
    TIM3_IRQHandler                          0x0800011b   Thumb Code     0  startup_stm32f103xb.o(.text)
    TIM4_IRQHandler                          0x0800011b   Thumb Code     0  startup_stm32f103xb.o(.text)
    USBWakeUp_IRQHandler                     0x0800011b   Thumb Code     0  startup_stm32f103xb.o(.text)
    USB_HP_CAN1_TX_IRQHandler                0x0800011b   Thumb Code     0  startup_stm32f103xb.o(.text)
    USB_LP_CAN1_RX0_IRQHandler               0x0800011b   Thumb Code     0  startup_stm32f103xb.o(.text)
    WWDG_IRQHandler                          0x0800011b   Thumb Code     0  startup_stm32f103xb.o(.text)
    __aeabi_llsr                             0x08000125   Thumb Code    32  llushr.o(.text)
    _ll_ushift_r                             0x08000125   Thumb Code     0  llushr.o(.text)
    __aeabi_memcpy                           0x08000145   Thumb Code    36  memcpya.o(.text)
    __aeabi_memcpy4                          0x08000145   Thumb Code     0  memcpya.o(.text)
    __aeabi_memcpy8                          0x08000145   Thumb Code     0  memcpya.o(.text)
    __aeabi_memset                           0x08000169   Thumb Code    14  memseta.o(.text)
    __aeabi_memset4                          0x08000169   Thumb Code     0  memseta.o(.text)
    __aeabi_memset8                          0x08000169   Thumb Code     0  memseta.o(.text)
    __aeabi_memclr                           0x08000177   Thumb Code     4  memseta.o(.text)
    __aeabi_memclr4                          0x08000177   Thumb Code     0  memseta.o(.text)
    __aeabi_memclr8                          0x08000177   Thumb Code     0  memseta.o(.text)
    _memset$wrapper                          0x0800017b   Thumb Code    18  memseta.o(.text)
    strlen                                   0x0800018d   Thumb Code    14  strlen.o(.text)
    memcmp                                   0x0800019b   Thumb Code    26  memcmp.o(.text)
    strcpy                                   0x080001b5   Thumb Code    18  strcpy.o(.text)
    __aeabi_uldivmod                         0x080001c7   Thumb Code    98  uldiv.o(.text)
    __scatterload                            0x08000229   Thumb Code    28  init.o(.text)
    __scatterload_rt2                        0x08000229   Thumb Code     0  init.o(.text)
    __aeabi_llsl                             0x0800024d   Thumb Code    30  llshl.o(.text)
    _ll_shift_l                              0x0800024d   Thumb Code     0  llshl.o(.text)
    ADC_ConversionStop_Disable               0x0800026b   Thumb Code    82  stm32f1xx_hal_adc.o(i.ADC_ConversionStop_Disable)
    ArrayInit                                0x080002bd   Thumb Code    12  array.o(i.ArrayInit)
    ArrayRead                                0x080002c9   Thumb Code    44  array.o(i.ArrayRead)
    ArrayWrite                               0x080002f5   Thumb Code    56  array.o(i.ArrayWrite)
    BusFault_Handler                         0x0800032d   Thumb Code     4  stm32f1xx_it.o(i.BusFault_Handler)
    CallBackUartRecv                         0x08000331   Thumb Code    64  usermain.o(i.CallBackUartRecv)
    CallBackUartSend                         0x08000375   Thumb Code    56  usermain.o(i.CallBackUartSend)
    CheckOtherRespond                        0x080003b5   Thumb Code    46  drv_ec20.o(i.CheckOtherRespond)
    CheckRespond                             0x08000401   Thumb Code  2104  drv_ec20.o(i.CheckRespond)
    CheckWXCmd                               0x08000cf1   Thumb Code   386  drv_wxcmd.o(i.CheckWXCmd)
    CmdSend                                  0x08000ebd   Thumb Code   116  drv_wxcmd.o(i.CmdSend)
    CmdSendACK                               0x08000f4d   Thumb Code    28  drv_wxcmd.o(i.CmdSendACK)
    DebugMon_Handler                         0x08000f69   Thumb Code     2  stm32f1xx_it.o(i.DebugMon_Handler)
    DebugOutHexStr                           0x08000f6d   Thumb Code    56  usermain.o(i.DebugOutHexStr)
    DebugOutHexStr_fast                      0x08000fb1   Thumb Code   106  usermain.o(i.DebugOutHexStr_fast)
    DebugOutStr                              0x08001021   Thumb Code    40  usermain.o(i.DebugOutStr)
    EC20CloseTCP                             0x0800104d   Thumb Code    14  drv_ec20.o(i.EC20CloseTCP)
    EC20MainTask                             0x08001061   Thumb Code   960  drv_ec20.o(i.EC20MainTask)
    EC20MakeCmd                              0x08001489   Thumb Code   324  drv_ec20.o(i.EC20MakeCmd)
    EC20PowON                                0x080015f9   Thumb Code     8  drv_ec20.o(i.EC20PowON)
    EC20SendAT                               0x08001605   Thumb Code    30  drv_ec20.o(i.EC20SendAT)
    EC20SendATCEREG                          0x08001631   Thumb Code    30  drv_ec20.o(i.EC20SendATCEREG)
    EC20SendATCIMI                           0x08001661   Thumb Code    30  drv_ec20.o(i.EC20SendATCIMI)
    EC20SendATCPIN                           0x08001691   Thumb Code    30  drv_ec20.o(i.EC20SendATCPIN)
    EC20SendATCREG                           0x080016c1   Thumb Code    30  drv_ec20.o(i.EC20SendATCREG)
    EC20SendATCSQ                            0x080016f1   Thumb Code    30  drv_ec20.o(i.EC20SendATCSQ)
    EC20SendATE0                             0x08001721   Thumb Code    30  drv_ec20.o(i.EC20SendATE0)
    EC20SendATQCCID                          0x0800174d   Thumb Code    30  drv_ec20.o(i.EC20SendATQCCID)
    EC20SendATQFTPCFG                        0x0800177d   Thumb Code    54  drv_ec20.o(i.EC20SendATQFTPCFG)
    EC20SendATQFTPCLOSE                      0x080017f1   Thumb Code    30  drv_ec20.o(i.EC20SendATQFTPCLOSE)
    EC20SendATQFTPCWD                        0x08001825   Thumb Code    34  drv_ec20.o(i.EC20SendATQFTPCWD)
    EC20SendATQFTPGET                        0x08001861   Thumb Code    42  drv_ec20.o(i.EC20SendATQFTPGET)
    EC20SendATQFTPLEN                        0x080018b5   Thumb Code    34  drv_ec20.o(i.EC20SendATQFTPLEN)
    EC20SendATQFTPOPEN                       0x080018f1   Thumb Code    38  drv_ec20.o(i.EC20SendATQFTPOPEN)
    EC20SendATQIACT                          0x08001935   Thumb Code    30  drv_ec20.o(i.EC20SendATQIACT)
    EC20SendATQICLOSE                        0x08001969   Thumb Code    30  drv_ec20.o(i.EC20SendATQICLOSE)
    EC20SendATQICSGP                         0x0800199d   Thumb Code    38  drv_ec20.o(i.EC20SendATQICSGP)
    EC20SendATQIDEACT                        0x080019f9   Thumb Code    30  drv_ec20.o(i.EC20SendATQIDEACT)
    EC20SendATQIDNSCFG                       0x08001a2d   Thumb Code    30  drv_ec20.o(i.EC20SendATQIDNSCFG)
    EC20SendATQIOPEN                         0x08001a61   Thumb Code    70  drv_ec20.o(i.EC20SendATQIOPEN)
    EC20SendATQIREAD                         0x08001add   Thumb Code    30  drv_ec20.o(i.EC20SendATQIREAD)
    EC20SendATQISEND                         0x08001b0d   Thumb Code    34  drv_ec20.o(i.EC20SendATQISEND)
    EC20_GetFTPFile                          0x08001b49   Thumb Code   152  drv_ec20.o(i.EC20_GetFTPFile)
    EC20_PWRKEY_Ctrl                         0x08001c21   Thumb Code    30  drv_ec20.o(i.EC20_PWRKEY_Ctrl)
    EC20_SendData                            0x08001c45   Thumb Code    32  drv_ec20.o(i.EC20_SendData)
    Error_Handler                            0x08001c71   Thumb Code     4  main.o(i.Error_Handler)
    FLASH_EraseChip                          0x08001c75   Thumb Code    26  flash_mx25.o(i.FLASH_EraseChip)
    FLASH_ReadByte                           0x08001c8f   Thumb Code    10  flash_mx25.o(i.FLASH_ReadByte)
    FLASH_RecvSendByte                       0x08001c99   Thumb Code    28  flash_mx25.o(i.FLASH_RecvSendByte)
    FTPWriteFile                             0x08001cb9   Thumb Code    82  drv_ec20.o(i.FTPWriteFile)
    FindCharInStr                            0x08001d45   Thumb Code    26  drv_ec20.o(i.FindCharInStr)
    FlashDeSelect                            0x08001d5f   Thumb Code     8  flash_mx25.o(i.FlashDeSelect)
    FlashDelayMs                             0x08001d67   Thumb Code    26  flash_mx25.o(i.FlashDelayMs)
    FlashSelect                              0x08001d81   Thumb Code     8  flash_mx25.o(i.FlashSelect)
    Flash_Init                               0x08001d89   Thumb Code    14  flash_mx25.o(i.Flash_Init)
    Flash_PageWrite                          0x08001d97   Thumb Code    74  flash_mx25.o(i.Flash_PageWrite)
    Flash_Read                               0x08001de1   Thumb Code    74  flash_mx25.o(i.Flash_Read)
    Flash_Write                              0x08001e2b   Thumb Code    62  flash_mx25.o(i.Flash_Write)
    FtpFileSend                              0x08001e69   Thumb Code   318  drv_wxcmd.o(i.FtpFileSend)
    GetFtpFileLen                            0x08001fc5   Thumb Code     6  drv_ec20.o(i.GetFtpFileLen)
    GetStrPara                               0x08001fd1   Thumb Code    82  drv_ec20.o(i.GetStrPara)
    HAL_ADC_ConfigChannel                    0x08002025   Thumb Code   438  stm32f1xx_hal_adc.o(i.HAL_ADC_ConfigChannel)
    HAL_ADC_Init                             0x080021e9   Thumb Code   346  stm32f1xx_hal_adc.o(i.HAL_ADC_Init)
    HAL_ADC_MspInit                          0x0800234d   Thumb Code    62  stm32f1xx_hal_msp.o(i.HAL_ADC_MspInit)
    HAL_Delay                                0x08002399   Thumb Code    26  stm32f1xx_hal.o(i.HAL_Delay)
    HAL_GPIO_Init                            0x080023b5   Thumb Code   764  stm32f1xx_hal_gpio.o(i.HAL_GPIO_Init)
    HAL_GPIO_WritePin                        0x080026d1   Thumb Code    12  stm32f1xx_hal_gpio.o(i.HAL_GPIO_WritePin)
    HAL_GetTick                              0x080026dd   Thumb Code     6  stm32f1xx_hal.o(i.HAL_GetTick)
    HAL_IncTick                              0x080026e9   Thumb Code    12  stm32f1xx_hal.o(i.HAL_IncTick)
    HAL_Init                                 0x080026f9   Thumb Code    34  stm32f1xx_hal.o(i.HAL_Init)
    HAL_InitTick                             0x08002721   Thumb Code    36  stm32f1xx_hal.o(i.HAL_InitTick)
    HAL_MspInit                              0x08002745   Thumb Code   130  stm32f1xx_hal_msp.o(i.HAL_MspInit)
    HAL_NVIC_EnableIRQ                       0x080027d1   Thumb Code    26  stm32f1xx_hal_cortex.o(i.HAL_NVIC_EnableIRQ)
    HAL_NVIC_SetPriority                     0x080027eb   Thumb Code   124  stm32f1xx_hal_cortex.o(i.HAL_NVIC_SetPriority)
    HAL_NVIC_SetPriorityGrouping             0x08002869   Thumb Code    32  stm32f1xx_hal_cortex.o(i.HAL_NVIC_SetPriorityGrouping)
    HAL_RCCEx_PeriphCLKConfig                0x08002891   Thumb Code   366  stm32f1xx_hal_rcc_ex.o(i.HAL_RCCEx_PeriphCLKConfig)
    HAL_RCC_ClockConfig                      0x08002a0d   Thumb Code   648  stm32f1xx_hal_rcc.o(i.HAL_RCC_ClockConfig)
    HAL_RCC_GetHCLKFreq                      0x08002ca5   Thumb Code     6  stm32f1xx_hal_rcc.o(i.HAL_RCC_GetHCLKFreq)
    HAL_RCC_GetPCLK1Freq                     0x08002cb1   Thumb Code    36  stm32f1xx_hal_rcc.o(i.HAL_RCC_GetPCLK1Freq)
    HAL_RCC_GetPCLK2Freq                     0x08002cdd   Thumb Code    36  stm32f1xx_hal_rcc.o(i.HAL_RCC_GetPCLK2Freq)
    HAL_RCC_GetSysClockFreq                  0x08002d09   Thumb Code   146  stm32f1xx_hal_rcc.o(i.HAL_RCC_GetSysClockFreq)
    HAL_RCC_OscConfig                        0x08002dbd   Thumb Code  2164  stm32f1xx_hal_rcc.o(i.HAL_RCC_OscConfig)
    HAL_SPI_Init                             0x08003635   Thumb Code   134  stm32f1xx_hal_spi_ex.o(i.HAL_SPI_Init)
    HAL_SPI_MspInit                          0x080036c1   Thumb Code    84  stm32f1xx_hal_msp.o(i.HAL_SPI_MspInit)
    HAL_SPI_TransmitReceive                  0x08003721   Thumb Code   836  stm32f1xx_hal_spi.o(i.HAL_SPI_TransmitReceive)
    HAL_SYSTICK_CLKSourceConfig              0x08003a65   Thumb Code    40  stm32f1xx_hal_cortex.o(i.HAL_SYSTICK_CLKSourceConfig)
    HAL_SYSTICK_Callback                     0x08003a8d   Thumb Code     8  usermain.o(i.HAL_SYSTICK_Callback)
    HAL_SYSTICK_Config                       0x08003a99   Thumb Code    52  stm32f1xx_hal_cortex.o(i.HAL_SYSTICK_Config)
    HAL_SYSTICK_IRQHandler                   0x08003acd   Thumb Code     8  stm32f1xx_hal_cortex.o(i.HAL_SYSTICK_IRQHandler)
    HAL_UART_ErrorCallback                   0x08003ad5   Thumb Code     2  stm32f1xx_hal_uart.o(i.HAL_UART_ErrorCallback)
    HAL_UART_IRQHandler                      0x08003ad7   Thumb Code   218  stm32f1xx_hal_uart.o(i.HAL_UART_IRQHandler)
    HAL_UART_Init                            0x08003bb1   Thumb Code   110  stm32f1xx_hal_uart.o(i.HAL_UART_Init)
    HAL_UART_MspInit                         0x08003c21   Thumb Code   288  stm32f1xx_hal_msp.o(i.HAL_UART_MspInit)
    HAL_UART_TxCpltCallback                  0x08003d59   Thumb Code     2  stm32f1xx_hal_uart.o(i.HAL_UART_TxCpltCallback)
    HardFault_Handler                        0x08003d5b   Thumb Code     4  stm32f1xx_it.o(i.HardFault_Handler)
    HostMainTask                             0x08003d61   Thumb Code   294  drv_wxcmd.o(i.HostMainTask)
    IO_FLASH_CS_0                            0x08003ead   Thumb Code    16  flash_mx25.o(i.IO_FLASH_CS_0)
    IO_FLASH_CS_1                            0x08003ec1   Thumb Code    14  flash_mx25.o(i.IO_FLASH_CS_1)
    MakeCmd                                  0x0800413d   Thumb Code   210  drv_wxcmd.o(i.MakeCmd)
    MemManage_Handler                        0x08004215   Thumb Code     4  stm32f1xx_it.o(i.MemManage_Handler)
    NMI_Handler                              0x08004219   Thumb Code     2  stm32f1xx_it.o(i.NMI_Handler)
    OpenUartRXInt                            0x08004255   Thumb Code    50  usermain.o(i.OpenUartRXInt)
    PendSV_Handler                           0x08004295   Thumb Code     2  stm32f1xx_it.o(i.PendSV_Handler)
    Print_DTU_Version                        0x08004299   Thumb Code    56  drv_ec20.o(i.Print_DTU_Version)
    SVC_Handler                              0x080043fd   Thumb Code     2  stm32f1xx_it.o(i.SVC_Handler)
    SendCmdHostMan                           0x08004401   Thumb Code    96  drv_wxcmd.o(i.SendCmdHostMan)
    SysTick_Handler                          0x08004465   Thumb Code    12  stm32f1xx_it.o(i.SysTick_Handler)
    SystemClock_Config                       0x08004471   Thumb Code   136  main.o(i.SystemClock_Config)
    SystemInit                               0x080044f9   Thumb Code    70  system_stm32f1xx.o(i.SystemInit)
    USART1_IRQHandler                        0x08004819   Thumb Code    10  stm32f1xx_it.o(i.USART1_IRQHandler)
    USART2_IRQHandler                        0x08004829   Thumb Code    10  stm32f1xx_it.o(i.USART2_IRQHandler)
    USART3_IRQHandler                        0x08004839   Thumb Code    10  stm32f1xx_it.o(i.USART3_IRQHandler)
    UartSendStr                              0x08004849   Thumb Code   112  usermain.o(i.UartSendStr)
    UsageFault_Handler                       0x080048c1   Thumb Code     4  stm32f1xx_it.o(i.UsageFault_Handler)
    UserInit                                 0x080048c5   Thumb Code    82  usermain.o(i.UserInit)
    UserMain                                 0x08004931   Thumb Code    98  usermain.o(i.UserMain)
    Write_Busy                               0x0800499d   Thumb Code    52  flash_mx25.o(i.Write_Busy)
    Write_Enable                             0x080049d1   Thumb Code    18  flash_mx25.o(i.Write_Enable)
    Write_StatusRegister                     0x080049e3   Thumb Code    30  flash_mx25.o(i.Write_StatusRegister)
    __0sprintf$8                             0x08004a01   Thumb Code    34  printf8.o(i.__0sprintf$8)
    __1sprintf$8                             0x08004a01   Thumb Code     0  printf8.o(i.__0sprintf$8)
    __2sprintf                               0x08004a01   Thumb Code     0  printf8.o(i.__0sprintf$8)
    __scatterload_copy                       0x08004a29   Thumb Code    14  handlers.o(i.__scatterload_copy)
    __scatterload_null                       0x08004a37   Thumb Code     2  handlers.o(i.__scatterload_null)
    __scatterload_zeroinit                   0x08004a39   Thumb Code    14  handlers.o(i.__scatterload_zeroinit)
    main                                     0x08004eb5   Thumb Code    66  main.o(i.main)
    DTU_Version                              0x08004f0c   Data           3  drv_ec20.o(.constdata)
    AHBPrescTable                            0x08004f0f   Data          16  system_stm32f1xx.o(.constdata)
    APBPrescTable                            0x08004f1f   Data           8  system_stm32f1xx.o(.constdata)
    Region$$Table$$Base                      0x08004f28   Number         0  anon$$obj.o(Region$$Table)
    Region$$Table$$Limit                     0x08004f48   Number         0  anon$$obj.o(Region$$Table)
    uCRCErrorWorkaroundCheck                 0x20000004   Data           1  stm32f1xx_hal_spi_ex.o(.data)
    EC20NetWorkType                          0x20000008   Data           1  drv_ec20.o(.data)
    EC20Rssi                                 0x2000000c   Data           4  drv_ec20.o(.data)
    FTP_Port                                 0x20000010   Data           4  drv_ec20.o(.data)
    FTP_BufLen                               0x20000014   Data           4  drv_ec20.o(.data)
    FTPFileLen                               0x20000018   Data           4  drv_ec20.o(.data)
    FTPFileNeedGetLen                        0x2000001c   Data           4  drv_ec20.o(.data)
    FtpFileGetLen                            0x20000020   Data           4  drv_ec20.o(.data)
    FtpFileGetStart                          0x20000024   Data           4  drv_ec20.o(.data)
    EC20RecvLen                              0x20000028   Data           4  drv_ec20.o(.data)
    EC20RecvedDataLen                        0x2000002c   Data           4  drv_ec20.o(.data)
    EC20SendLen                              0x20000030   Data           4  drv_ec20.o(.data)
    EC20SendBuf                              0x20000034   Data           4  drv_ec20.o(.data)
    EC20State                                0x20000038   Data           1  drv_ec20.o(.data)
    tEC20State                               0x20000039   Data           1  drv_ec20.o(.data)
    PreFtpState                              0x2000003a   Data           1  drv_ec20.o(.data)
    ResetCount                               0x20000048   Data           4  drv_ec20.o(.data)
    tPort                                    0x2000004c   Data           4  drv_wxcmd.o(.data)
    Cmd                                      0x20000050   Data           4  drv_wxcmd.o(.data)
    FileSendMark                             0x20000054   Data           1  drv_wxcmd.o(.data)
    FileSendAck                              0x20000055   Data           1  drv_wxcmd.o(.data)
    FileSendRty                              0x20000056   Data           1  drv_wxcmd.o(.data)
    FileSendLen                              0x20000058   Data           4  drv_wxcmd.o(.data)
    FileSendTimeout                          0x2000005c   Data           4  drv_wxcmd.o(.data)
    FileSendProcess                          0x20000060   Data           4  drv_wxcmd.o(.data)
    APNStr                                   0x20000064   Data          30  drv_wxcmd.o(.data)
    IPStr                                    0x20000082   Data           6  drv_wxcmd.o(.data)
    MeState                                  0x20000088   Data           1  drv_wxcmd.o(.data)
    MeTimeout                                0x2000008c   Data           4  drv_wxcmd.o(.data)
    TaskCheckCmd                             0x20000090   Data           1  usermain.o(.data)
    SystemCoreClock                          0x20000094   Data           4  system_stm32f1xx.o(.data)
    hadc1                                    0x20000098   Data          48  main.o(.bss)
    hspi1                                    0x200000c8   Data          88  main.o(.bss)
    huart1                                   0x20000120   Data          64  main.o(.bss)
    huart2                                   0x20000160   Data          64  main.o(.bss)
    huart3                                   0x200001a0   Data          64  main.o(.bss)
    FTP_IpAddr                               0x2000036c   Data          50  drv_ec20.o(.bss)
    FTP_FileName                             0x2000039e   Data          50  drv_ec20.o(.bss)
    FTP_FileFloder                           0x200003d0   Data          50  drv_ec20.o(.bss)
    FTP_Buf                                  0x20000402   Data        1024  drv_ec20.o(.bss)
    EC20RecvBuf                              0x20000802   Data        1500  drv_ec20.o(.bss)
    WXCmdRecv                                0x20000de0   Data         600  drv_wxcmd.o(.bss)
    TcpSendCmd                               0x20001038   Data         300  drv_wxcmd.o(.bss)
    WXCmdSend                                0x20001164   Data         300  drv_wxcmd.o(.bss)
    strIP                                    0x20001290   Data          16  drv_wxcmd.o(.bss)
    strPath                                  0x200012a0   Data          33  drv_wxcmd.o(.bss)
    strFile                                  0x200012c1   Data          17  drv_wxcmd.o(.bss)
    UserName                                 0x200012d2   Data          30  drv_wxcmd.o(.bss)
    PassWord                                 0x200012f0   Data          30  drv_wxcmd.o(.bss)
    FtpDataBuf                               0x2000130e   Data         256  drv_wxcmd.o(.bss)
    ArrayUartRX                              0x20001410   Data          48  usermain.o(.bss)
    ArrayUartTX                              0x20001440   Data          16  usermain.o(.bss)
    UartRXBufDebug                           0x20001450   Data          32  usermain.o(.bss)
    UartTXBufDebug                           0x20001470   Data         256  usermain.o(.bss)
    UartRXBufEC20                            0x20001570   Data         128  usermain.o(.bss)
    UartRXBufHost                            0x200015f0   Data          32  usermain.o(.bss)
    __initial_sp                             0x20001a10   Data           0  startup_stm32f103xb.o(STACK)



==============================================================================

Memory Map of the image

  Image Entry point : 0x080000ed

  Load Region LR_IROM1 (Base: 0x08000000, Size: 0x00004fe0, Max: 0x00010000, ABSOLUTE)

    Execution Region ER_IROM1 (Base: 0x08000000, Size: 0x00004f48, Max: 0x00010000, ABSOLUTE)

    Base Addr    Size         Type   Attr      Idx    E Section Name        Object

    0x08000000   0x000000ec   Data   RO         2747    RESET               startup_stm32f103xb.o
    0x080000ec   0x00000000   Code   RO         2752  * .ARM.Collect$$$$00000000  mc_w.l(entry.o)
    0x080000ec   0x00000004   Code   RO         3030    .ARM.Collect$$$$00000001  mc_w.l(entry2.o)
    0x080000f0   0x00000004   Code   RO         3033    .ARM.Collect$$$$00000004  mc_w.l(entry5.o)
    0x080000f4   0x00000000   Code   RO         3035    .ARM.Collect$$$$00000008  mc_w.l(entry7b.o)
    0x080000f4   0x00000000   Code   RO         3037    .ARM.Collect$$$$0000000A  mc_w.l(entry8b.o)
    0x080000f4   0x00000008   Code   RO         3038    .ARM.Collect$$$$0000000B  mc_w.l(entry9a.o)
    0x080000fc   0x00000000   Code   RO         3040    .ARM.Collect$$$$0000000D  mc_w.l(entry10a.o)
    0x080000fc   0x00000000   Code   RO         3042    .ARM.Collect$$$$0000000F  mc_w.l(entry11a.o)
    0x080000fc   0x00000004   Code   RO         3031    .ARM.Collect$$$$00002712  mc_w.l(entry2.o)
    0x08000100   0x00000024   Code   RO         2748    .text               startup_stm32f103xb.o
    0x08000124   0x00000020   Code   RO         2755    .text               mc_w.l(llushr.o)
    0x08000144   0x00000024   Code   RO         2757    .text               mc_w.l(memcpya.o)
    0x08000168   0x00000024   Code   RO         2759    .text               mc_w.l(memseta.o)
    0x0800018c   0x0000000e   Code   RO         2761    .text               mc_w.l(strlen.o)
    0x0800019a   0x0000001a   Code   RO         2763    .text               mc_w.l(memcmp.o)
    0x080001b4   0x00000012   Code   RO         2765    .text               mc_w.l(strcpy.o)
    0x080001c6   0x00000062   Code   RO         3049    .text               mc_w.l(uldiv.o)
    0x08000228   0x00000024   Code   RO         3062    .text               mc_w.l(init.o)
    0x0800024c   0x0000001e   Code   RO         3065    .text               mc_w.l(llshl.o)
    0x0800026a   0x00000052   Code   RO         1037    i.ADC_ConversionStop_Disable  stm32f1xx_hal_adc.o
    0x080002bc   0x0000000c   Code   RO         2068    i.ArrayInit         array.o
    0x080002c8   0x0000002c   Code   RO         2069    i.ArrayRead         array.o
    0x080002f4   0x00000038   Code   RO         2070    i.ArrayWrite        array.o
    0x0800032c   0x00000004   Code   RO         1915    i.BusFault_Handler  stm32f1xx_it.o
    0x08000330   0x00000044   Code   RO         2452    i.CallBackUartRecv  usermain.o
    0x08000374   0x00000040   Code   RO         2453    i.CallBackUartSend  usermain.o
    0x080003b4   0x0000004c   Code   RO         2105    i.CheckOtherRespond  drv_ec20.o
    0x08000400   0x000008f0   Code   RO         2106    i.CheckRespond      drv_ec20.o
    0x08000cf0   0x000001cc   Code   RO         2381    i.CheckWXCmd        drv_wxcmd.o
    0x08000ebc   0x00000090   Code   RO         2382    i.CmdSend           drv_wxcmd.o
    0x08000f4c   0x0000001c   Code   RO         2383    i.CmdSendACK        drv_wxcmd.o
    0x08000f68   0x00000002   Code   RO         1916    i.DebugMon_Handler  stm32f1xx_it.o
    0x08000f6a   0x00000002   PAD
    0x08000f6c   0x00000044   Code   RO         2454    i.DebugOutHexStr    usermain.o
    0x08000fb0   0x00000070   Code   RO         2455    i.DebugOutHexStr_fast  usermain.o
    0x08001020   0x0000002c   Code   RO         2456    i.DebugOutStr       usermain.o
    0x0800104c   0x00000014   Code   RO         2107    i.EC20CloseTCP      drv_ec20.o
    0x08001060   0x00000428   Code   RO         2108    i.EC20MainTask      drv_ec20.o
    0x08001488   0x00000170   Code   RO         2109    i.EC20MakeCmd       drv_ec20.o
    0x080015f8   0x0000000c   Code   RO         2110    i.EC20PowON         drv_ec20.o
    0x08001604   0x0000002c   Code   RO         2111    i.EC20SendAT        drv_ec20.o
    0x08001630   0x00000030   Code   RO         2112    i.EC20SendATCEREG   drv_ec20.o
    0x08001660   0x00000030   Code   RO         2114    i.EC20SendATCIMI    drv_ec20.o
    0x08001690   0x00000030   Code   RO         2115    i.EC20SendATCPIN    drv_ec20.o
    0x080016c0   0x00000030   Code   RO         2116    i.EC20SendATCREG    drv_ec20.o
    0x080016f0   0x00000030   Code   RO         2117    i.EC20SendATCSQ     drv_ec20.o
    0x08001720   0x0000002c   Code   RO         2119    i.EC20SendATE0      drv_ec20.o
    0x0800174c   0x00000030   Code   RO         2120    i.EC20SendATQCCID   drv_ec20.o
    0x0800177c   0x00000074   Code   RO         2123    i.EC20SendATQFTPCFG  drv_ec20.o
    0x080017f0   0x00000034   Code   RO         2124    i.EC20SendATQFTPCLOSE  drv_ec20.o
    0x08001824   0x0000003c   Code   RO         2125    i.EC20SendATQFTPCWD  drv_ec20.o
    0x08001860   0x00000054   Code   RO         2126    i.EC20SendATQFTPGET  drv_ec20.o
    0x080018b4   0x0000003c   Code   RO         2127    i.EC20SendATQFTPLEN  drv_ec20.o
    0x080018f0   0x00000044   Code   RO         2128    i.EC20SendATQFTPOPEN  drv_ec20.o
    0x08001934   0x00000034   Code   RO         2129    i.EC20SendATQIACT   drv_ec20.o
    0x08001968   0x00000034   Code   RO         2130    i.EC20SendATQICLOSE  drv_ec20.o
    0x0800199c   0x0000005c   Code   RO         2131    i.EC20SendATQICSGP  drv_ec20.o
    0x080019f8   0x00000034   Code   RO         2132    i.EC20SendATQIDEACT  drv_ec20.o
    0x08001a2c   0x00000034   Code   RO         2133    i.EC20SendATQIDNSCFG  drv_ec20.o
    0x08001a60   0x0000007c   Code   RO         2134    i.EC20SendATQIOPEN  drv_ec20.o
    0x08001adc   0x00000030   Code   RO         2135    i.EC20SendATQIREAD  drv_ec20.o
    0x08001b0c   0x0000003c   Code   RO         2136    i.EC20SendATQISEND  drv_ec20.o
    0x08001b48   0x000000d8   Code   RO         2137    i.EC20_GetFTPFile   drv_ec20.o
    0x08001c20   0x00000024   Code   RO         2139    i.EC20_PWRKEY_Ctrl  drv_ec20.o
    0x08001c44   0x0000002c   Code   RO         2140    i.EC20_SendData     drv_ec20.o
    0x08001c70   0x00000004   Code   RO         1833    i.Error_Handler     main.o
    0x08001c74   0x0000001a   Code   RO         2539    i.FLASH_EraseChip   flash_mx25.o
    0x08001c8e   0x0000000a   Code   RO         2542    i.FLASH_ReadByte    flash_mx25.o
    0x08001c98   0x00000020   Code   RO         2544    i.FLASH_RecvSendByte  flash_mx25.o
    0x08001cb8   0x0000008c   Code   RO         2141    i.FTPWriteFile      drv_ec20.o
    0x08001d44   0x0000001a   Code   RO         2142    i.FindCharInStr     drv_ec20.o
    0x08001d5e   0x00000008   Code   RO         2548    i.FlashDeSelect     flash_mx25.o
    0x08001d66   0x0000001a   Code   RO         2549    i.FlashDelayMs      flash_mx25.o
    0x08001d80   0x00000008   Code   RO         2550    i.FlashSelect       flash_mx25.o
    0x08001d88   0x0000000e   Code   RO         2552    i.Flash_Init        flash_mx25.o
    0x08001d96   0x0000004a   Code   RO         2553    i.Flash_PageWrite   flash_mx25.o
    0x08001de0   0x0000004a   Code   RO         2554    i.Flash_Read        flash_mx25.o
    0x08001e2a   0x0000003e   Code   RO         2555    i.Flash_Write       flash_mx25.o
    0x08001e68   0x0000015c   Code   RO         2384    i.FtpFileSend       drv_wxcmd.o
    0x08001fc4   0x0000000c   Code   RO         2143    i.GetFtpFileLen     drv_ec20.o
    0x08001fd0   0x00000052   Code   RO         2144    i.GetStrPara        drv_ec20.o
    0x08002022   0x00000002   PAD
    0x08002024   0x000001c4   Code   RO         1043    i.HAL_ADC_ConfigChannel  stm32f1xx_hal_adc.o
    0x080021e8   0x00000164   Code   RO         1052    i.HAL_ADC_Init      stm32f1xx_hal_adc.o
    0x0800234c   0x0000004c   Code   RO         2010    i.HAL_ADC_MspInit   stm32f1xx_hal_msp.o
    0x08002398   0x0000001a   Code   RO          458    i.HAL_Delay         stm32f1xx_hal.o
    0x080023b2   0x00000002   PAD
    0x080023b4   0x0000031c   Code   RO          352    i.HAL_GPIO_Init     stm32f1xx_hal_gpio.o
    0x080026d0   0x0000000c   Code   RO          356    i.HAL_GPIO_WritePin  stm32f1xx_hal_gpio.o
    0x080026dc   0x0000000c   Code   RO          462    i.HAL_GetTick       stm32f1xx_hal.o
    0x080026e8   0x00000010   Code   RO          463    i.HAL_IncTick       stm32f1xx_hal.o
    0x080026f8   0x00000028   Code   RO          464    i.HAL_Init          stm32f1xx_hal.o
    0x08002720   0x00000024   Code   RO          465    i.HAL_InitTick      stm32f1xx_hal.o
    0x08002744   0x0000008c   Code   RO         2011    i.HAL_MspInit       stm32f1xx_hal_msp.o
    0x080027d0   0x0000001a   Code   RO          689    i.HAL_NVIC_EnableIRQ  stm32f1xx_hal_cortex.o
    0x080027ea   0x0000007c   Code   RO          695    i.HAL_NVIC_SetPriority  stm32f1xx_hal_cortex.o
    0x08002866   0x00000002   PAD
    0x08002868   0x00000028   Code   RO          696    i.HAL_NVIC_SetPriorityGrouping  stm32f1xx_hal_cortex.o
    0x08002890   0x0000017c   Code   RO          417    i.HAL_RCCEx_PeriphCLKConfig  stm32f1xx_hal_rcc_ex.o
    0x08002a0c   0x00000298   Code   RO          586    i.HAL_RCC_ClockConfig  stm32f1xx_hal_rcc.o
    0x08002ca4   0x0000000c   Code   RO          591    i.HAL_RCC_GetHCLKFreq  stm32f1xx_hal_rcc.o
    0x08002cb0   0x0000002c   Code   RO          593    i.HAL_RCC_GetPCLK1Freq  stm32f1xx_hal_rcc.o
    0x08002cdc   0x0000002c   Code   RO          594    i.HAL_RCC_GetPCLK2Freq  stm32f1xx_hal_rcc.o
    0x08002d08   0x000000b4   Code   RO          595    i.HAL_RCC_GetSysClockFreq  stm32f1xx_hal_rcc.o
    0x08002dbc   0x00000878   Code   RO          598    i.HAL_RCC_OscConfig  stm32f1xx_hal_rcc.o
    0x08003634   0x0000008c   Code   RO         1217    i.HAL_SPI_Init      stm32f1xx_hal_spi_ex.o
    0x080036c0   0x00000060   Code   RO         2013    i.HAL_SPI_MspInit   stm32f1xx_hal_msp.o
    0x08003720   0x00000344   Code   RO         1363    i.HAL_SPI_TransmitReceive  stm32f1xx_hal_spi.o
    0x08003a64   0x00000028   Code   RO          698    i.HAL_SYSTICK_CLKSourceConfig  stm32f1xx_hal_cortex.o
    0x08003a8c   0x0000000c   Code   RO         2457    i.HAL_SYSTICK_Callback  usermain.o
    0x08003a98   0x00000034   Code   RO          700    i.HAL_SYSTICK_Config  stm32f1xx_hal_cortex.o
    0x08003acc   0x00000008   Code   RO          701    i.HAL_SYSTICK_IRQHandler  stm32f1xx_hal_cortex.o
    0x08003ad4   0x00000002   Code   RO         1603    i.HAL_UART_ErrorCallback  stm32f1xx_hal_uart.o
    0x08003ad6   0x000000da   Code   RO         1606    i.HAL_UART_IRQHandler  stm32f1xx_hal_uart.o
    0x08003bb0   0x0000006e   Code   RO         1607    i.HAL_UART_Init     stm32f1xx_hal_uart.o
    0x08003c1e   0x00000002   PAD
    0x08003c20   0x00000138   Code   RO         2015    i.HAL_UART_MspInit  stm32f1xx_hal_msp.o
    0x08003d58   0x00000002   Code   RO         1618    i.HAL_UART_TxCpltCallback  stm32f1xx_hal_uart.o
    0x08003d5a   0x00000004   Code   RO         1917    i.HardFault_Handler  stm32f1xx_it.o
    0x08003d5e   0x00000002   PAD
    0x08003d60   0x0000014c   Code   RO         2385    i.HostMainTask      drv_wxcmd.o
    0x08003eac   0x00000014   Code   RO         2556    i.IO_FLASH_CS_0     flash_mx25.o
    0x08003ec0   0x00000014   Code   RO         2557    i.IO_FLASH_CS_1     flash_mx25.o
    0x08003ed4   0x00000054   Code   RO         1834    i.MX_ADC1_Init      main.o
    0x08003f28   0x00000128   Code   RO         1835    i.MX_GPIO_Init      main.o
    0x08004050   0x00000044   Code   RO         1836    i.MX_SPI1_Init      main.o
    0x08004094   0x00000038   Code   RO         1837    i.MX_USART1_UART_Init  main.o
    0x080040cc   0x00000038   Code   RO         1838    i.MX_USART2_UART_Init  main.o
    0x08004104   0x00000038   Code   RO         1839    i.MX_USART3_UART_Init  main.o
    0x0800413c   0x000000d8   Code   RO         2386    i.MakeCmd           drv_wxcmd.o
    0x08004214   0x00000004   Code   RO         1918    i.MemManage_Handler  stm32f1xx_it.o
    0x08004218   0x00000002   Code   RO         1919    i.NMI_Handler       stm32f1xx_it.o
    0x0800421a   0x00000002   PAD
    0x0800421c   0x00000010   Code   RO          702    i.NVIC_GetPriorityGrouping  stm32f1xx_hal_cortex.o
    0x0800422c   0x00000028   Code   RO          703    i.NVIC_SetPriority  stm32f1xx_hal_cortex.o
    0x08004254   0x00000040   Code   RO         2458    i.OpenUartRXInt     usermain.o
    0x08004294   0x00000002   Code   RO         1920    i.PendSV_Handler    stm32f1xx_it.o
    0x08004296   0x00000002   PAD
    0x08004298   0x00000050   Code   RO         2145    i.Print_DTU_Version  drv_ec20.o
    0x080042e8   0x00000114   Code   RO         1385    i.SPI_WaitOnFlagUntilTimeout  stm32f1xx_hal_spi.o
    0x080043fc   0x00000002   Code   RO         1921    i.SVC_Handler       stm32f1xx_it.o
    0x080043fe   0x00000002   PAD
    0x08004400   0x00000064   Code   RO         2387    i.SendCmdHostMan    drv_wxcmd.o
    0x08004464   0x0000000c   Code   RO         1922    i.SysTick_Handler   stm32f1xx_it.o
    0x08004470   0x00000088   Code   RO         1840    i.SystemClock_Config  main.o
    0x080044f8   0x00000058   Code   RO         2712    i.SystemInit        system_stm32f1xx.o
    0x08004550   0x00000030   Code   RO         1625    i.UART_EndTransmit_IT  stm32f1xx_hal_uart.o
    0x08004580   0x00000048   Code   RO         1626    i.UART_Receive_IT   stm32f1xx_hal_uart.o
    0x080045c8   0x000001c8   Code   RO         1627    i.UART_SetConfig    stm32f1xx_hal_uart.o
    0x08004790   0x00000088   Code   RO         1628    i.UART_Transmit_IT  stm32f1xx_hal_uart.o
    0x08004818   0x00000010   Code   RO         1923    i.USART1_IRQHandler  stm32f1xx_it.o
    0x08004828   0x00000010   Code   RO         1924    i.USART2_IRQHandler  stm32f1xx_it.o
    0x08004838   0x00000010   Code   RO         1925    i.USART3_IRQHandler  stm32f1xx_it.o
    0x08004848   0x00000078   Code   RO         2459    i.UartSendStr       usermain.o
    0x080048c0   0x00000004   Code   RO         1926    i.UsageFault_Handler  stm32f1xx_it.o
    0x080048c4   0x0000006c   Code   RO         2460    i.UserInit          usermain.o
    0x08004930   0x0000006c   Code   RO         2461    i.UserMain          usermain.o
    0x0800499c   0x00000034   Code   RO         2559    i.Write_Busy        flash_mx25.o
    0x080049d0   0x00000012   Code   RO         2561    i.Write_Enable      flash_mx25.o
    0x080049e2   0x0000001e   Code   RO         2562    i.Write_StatusRegister  flash_mx25.o
    0x08004a00   0x00000028   Code   RO         2978    i.__0sprintf$8      mc_w.l(printf8.o)
    0x08004a28   0x0000000e   Code   RO         3074    i.__scatterload_copy  mc_w.l(handlers.o)
    0x08004a36   0x00000002   Code   RO         3075    i.__scatterload_null  mc_w.l(handlers.o)
    0x08004a38   0x0000000e   Code   RO         3076    i.__scatterload_zeroinit  mc_w.l(handlers.o)
    0x08004a46   0x00000002   PAD
    0x08004a48   0x00000410   Code   RO         2983    i._printf_core      mc_w.l(printf8.o)
    0x08004e58   0x00000024   Code   RO         2984    i._printf_post_padding  mc_w.l(printf8.o)
    0x08004e7c   0x0000002e   Code   RO         2985    i._printf_pre_padding  mc_w.l(printf8.o)
    0x08004eaa   0x0000000a   Code   RO         2987    i._sputc            mc_w.l(printf8.o)
    0x08004eb4   0x00000058   Code   RO         1841    i.main              main.o
    0x08004f0c   0x00000003   Data   RO         2147    .constdata          drv_ec20.o
    0x08004f0f   0x00000018   Data   RO         2713    .constdata          system_stm32f1xx.o
    0x08004f27   0x00000001   PAD
    0x08004f28   0x00000020   Data   RO         3072    Region$$Table       anon$$obj.o


    Execution Region RW_IRAM1 (Base: 0x20000000, Size: 0x00001a10, Max: 0x00005000, ABSOLUTE)

    Base Addr    Size         Type   Attr      Idx    E Section Name        Object

    0x20000000   0x00000004   Data   RW          470    .data               stm32f1xx_hal.o
    0x20000004   0x00000001   Data   RW         1219    .data               stm32f1xx_hal_spi_ex.o
    0x20000005   0x00000003   PAD
    0x20000008   0x00000044   Data   RW         2148    .data               drv_ec20.o
    0x2000004c   0x00000044   Data   RW         2389    .data               drv_wxcmd.o
    0x20000090   0x00000001   Data   RW         2463    .data               usermain.o
    0x20000091   0x00000003   PAD
    0x20000094   0x00000004   Data   RW         2714    .data               system_stm32f1xx.o
    0x20000098   0x00000148   Zero   RW         1842    .bss                main.o
    0x200001e0   0x00000bfe   Zero   RW         2146    .bss                drv_ec20.o
    0x20000dde   0x00000002   PAD
    0x20000de0   0x0000062e   Zero   RW         2388    .bss                drv_wxcmd.o
    0x2000140e   0x00000002   PAD
    0x20001410   0x00000200   Zero   RW         2462    .bss                usermain.o
    0x20001610   0x00000400   Zero   RW         2745    STACK               startup_stm32f103xb.o


==============================================================================

Image component sizes


      Code (inc. data)   RO Data    RW Data    ZI Data      Debug   Object Name

       112          0          0          0          0       1537   array.o
      5812       1372          3         68       3070      22470   drv_ec20.o
      1628        180          0         68       1582       5930   drv_wxcmd.o
       474         14          0          0          0       7434   flash_mx25.o
       844         86          0          0        328       6055   main.o
        36          8        236          0       1024        860   startup_stm32f103xb.o
       130         16          0          4          0       3414   stm32f1xx_hal.o
       890         24          0          0          0       3012   stm32f1xx_hal_adc.o
       346         22          0          0          0      27034   stm32f1xx_hal_cortex.o
       808         32          0          0          0       2740   stm32f1xx_hal_gpio.o
       624         60          0          0          0       2765   stm32f1xx_hal_msp.o
      3112        100          0          0          0       5540   stm32f1xx_hal_rcc.o
       380         14          0          0          0       1268   stm32f1xx_hal_rcc_ex.o
      1112          0          0          0          0       2610   stm32f1xx_hal_spi.o
       140          6          0          1          0       1254   stm32f1xx_hal_spi_ex.o
         0          0          0          0          0     446572   stm32f1xx_hal_tim.o
      1044         24          0          0          0       5305   stm32f1xx_hal_uart.o
        84         18          0          0          0       4854   stm32f1xx_it.o
        88         18         24          4          0       1303   system_stm32f1xx.o
       768         96          0          1        512       6222   usermain.o

    ----------------------------------------------------------------------
     18450       2090        296        152       6520     558179   Object Totals
         0          0         32          0          0          0   (incl. Generated)
        18          0          1          6          4          0   (incl. Padding)

    ----------------------------------------------------------------------

      Code (inc. data)   RO Data    RW Data    ZI Data      Debug   Library Member Name

         0          0          0          0          0          0   entry.o
         0          0          0          0          0          0   entry10a.o
         0          0          0          0          0          0   entry11a.o
         8          4          0          0          0          0   entry2.o
         4          0          0          0          0          0   entry5.o
         0          0          0          0          0          0   entry7b.o
         0          0          0          0          0          0   entry8b.o
         8          4          0          0          0          0   entry9a.o
        30          0          0          0          0          0   handlers.o
        36          8          0          0          0         68   init.o
        30          0          0          0          0         68   llshl.o
        32          0          0          0          0         68   llushr.o
        26          0          0          0          0         80   memcmp.o
        36          0          0          0          0         68   memcpya.o
        36          0          0          0          0        108   memseta.o
      1172         50          0          0          0        420   printf8.o
        18          0          0          0          0         68   strcpy.o
        14          0          0          0          0         68   strlen.o
        98          0          0          0          0         92   uldiv.o

    ----------------------------------------------------------------------
      1550         66          0          0          0       1108   Library Totals
         2          0          0          0          0          0   (incl. Padding)

    ----------------------------------------------------------------------

      Code (inc. data)   RO Data    RW Data    ZI Data      Debug   Library Name

      1548         66          0          0          0       1108   mc_w.l

    ----------------------------------------------------------------------
      1550         66          0          0          0       1108   Library Totals

    ----------------------------------------------------------------------

==============================================================================


      Code (inc. data)   RO Data    RW Data    ZI Data      Debug   

     20000       2156        296        152       6520     552211   Grand Totals
     20000       2156        296        152       6520     552211   ELF Image Totals
     20000       2156        296        152          0          0   ROM Totals

==============================================================================

    Total RO  Size (Code + RO Data)                20296 (  19.82kB)
    Total RW  Size (RW Data + ZI Data)              6672 (   6.52kB)
    Total ROM Size (Code + RO Data + RW Data)      20448 (  19.97kB)

==============================================================================

